     VMA      LMA     Size Align Out     In      Symbol
       0        0 80200000     1 . = 0x80200000
80200000 80200000      35e     2 .text
80200000 80200000        e     2         /tmp/kernel-96c0f8.o:(.text.boot)
80200000 80200000        0     1                 
80200000 80200000        0     1                 
80200000 80200000        0     1                 $x.1
80200000 80200000        0     1                 
80200000 80200000        e     1                 boot
8020000e 8020000e        0     1                 
8020000e 8020000e        0     1                 
8020000e 8020000e      126     2         /tmp/kernel-96c0f8.o:(.text)
8020000e 8020000e        0     1                 
8020000e 8020000e        0     1                 
8020000e 8020000e        0     1                 $x.0
8020000e 8020000e        0     1                 
8020000e 8020000e        6     1                 sbi_call
80200012 80200012        0     1                 
80200014 80200014        0     1                 
80200014 80200014        0     1                 
80200014 80200014        0     1                 
80200014 80200014       14     1                 putchar
80200026 80200026        0     1                 
80200028 80200028        0     1                 
80200028 80200028        0     1                 
80200028 80200028        0     1                 
80200028 80200028       4e     1                 alloc_pages
8020002e 8020002e        0     1                 
80200036 80200036        0     1                 
80200036 80200036        0     1                 
8020003a 8020003a        0     1                 
8020003e 8020003e        0     1                 
8020003e 8020003e        0     1                 
80200046 80200046        0     1                 
8020004a 8020004a        0     1                 
8020004e 8020004e        0     1                 
80200064 80200064        0     1                 
80200064 80200064        0     1                 .LBB2_2
80200066 80200066        0     1                 .LBB2_3
80200066 80200066        0     1                 
8020006c 8020006c        0     1                 
8020006c 8020006c        0     1                 
80200072 80200072        0     1                 
80200072 80200072        0     1                 
80200076 80200076        0     1                 
80200076 80200076        0     1                 
80200076 80200076        0     1                 
80200076 80200076        0     1                 
80200076 80200076        0     1                 
80200076 80200076       be     1                 kernel_main
80200082 80200082        0     1                 
80200098 80200098        0     1                 
80200098 80200098        0     1                 
802000a0 802000a0        0     1                 
802000a0 802000a0        0     1                 
802000a2 802000a2        0     1                 
802000a4 802000a4        0     1                 
802000ac 802000ac        0     1                 
802000b0 802000b0        0     1                 
802000b4 802000b4        0     1                 
802000ca 802000ca        0     1                 
802000ca 802000ca        0     1                 .LBB3_2
802000cc 802000cc        0     1                 .LBB3_3
802000cc 802000cc        0     1                 
802000d4 802000d4        0     1                 
802000d4 802000d4        0     1                 
802000d8 802000d8        0     1                 
802000d8 802000d8        0     1                 
802000da 802000da        0     1                 
802000e0 802000e0        0     1                 
802000e4 802000e4        0     1                 
802000e4 802000e4        0     1                 
802000fa 802000fa        0     1                 
802000fa 802000fa        0     1                 .LBB3_5
802000fc 802000fc        0     1                 .LBB3_6
802000fc 802000fc        0     1                 
80200104 80200104        0     1                 
80200104 80200104        0     1                 
80200110 80200110        0     1                 
80200110 80200110        0     1                 
8020011c 8020011c        0     1                 
8020011c 8020011c        0     1                 
80200132 80200132        0     1                 
80200132 80200132        0     1                 .LBB3_7
80200134 80200134        0     1                 
80200134 80200134        0     1                 
80200134 80200134      22a     2         /tmp/common-ab0450.o:(.text)
80200134 80200134        0     1                 
80200134 80200134        0     1                 
80200134 80200134        0     1                 $x.0
80200134 80200134        0     1                 
80200134 80200134       1c     1                 memcpy
80200138 80200138        0     1                 
80200138 80200138        0     1                 
8020013a 8020013a        0     1                 
8020013a 8020013a        0     1                 .LBB0_2
8020013a 8020013a        0     1                 
8020013e 8020013e        0     1                 
80200140 80200140        0     1                 
80200144 80200144        0     1                 
80200144 80200144        0     1                 
80200148 80200148        0     1                 
8020014a 8020014a        0     1                 
8020014a 8020014a        0     1                 
8020014e 8020014e        0     1                 .LBB0_3
8020014e 8020014e        0     1                 
8020014e 8020014e        0     1                 
80200150 80200150        0     1                 
80200150 80200150        0     1                 
80200150 80200150        0     1                 
80200150 80200150        0     1                 
80200150 80200150        0     1                 
80200150 80200150       16     1                 memset
80200154 80200154        0     1                 
80200154 80200154        0     1                 
80200156 80200156        0     1                 
80200156 80200156        0     1                 .LBB1_2
80200156 80200156        0     1                 
8020015a 8020015a        0     1                 
8020015a 8020015a        0     1                 
8020015e 8020015e        0     1                 
80200160 80200160        0     1                 
80200160 80200160        0     1                 
80200164 80200164        0     1                 .LBB1_3
80200164 80200164        0     1                 
80200164 80200164        0     1                 
80200166 80200166        0     1                 
80200166 80200166        0     1                 
80200166 80200166        0     1                 
80200166 80200166        0     1                 
80200166 80200166        0     1                 
80200166 80200166       24     1                 strcpy
8020016c 8020016c        0     1                 
80200170 80200170        0     1                 
80200170 80200170        0     1                 
80200172 80200172        0     1                 
80200172 80200172        0     1                 .LBB2_2
80200172 80200172        0     1                 
80200176 80200176        0     1                 
8020017a 8020017a        0     1                 
8020017e 8020017e        0     1                 
8020017e 8020017e        0     1                 
80200180 80200180        0     1                 
80200180 80200180        0     1                 
80200182 80200182        0     1                 
80200184 80200184        0     1                 .LBB2_3
80200184 80200184        0     1                 
80200184 80200184        0     1                 
80200188 80200188        0     1                 
8020018a 8020018a        0     1                 
8020018a 8020018a        0     1                 
8020018a 8020018a        0     1                 
8020018a 8020018a        0     1                 
8020018a 8020018a        0     1                 
8020018a 8020018a       2e     1                 strcmp
8020018e 8020018e        0     1                 
80200190 80200190        0     1                 
80200192 80200192        0     1                 
80200192 80200192        0     1                 .LBB3_2
80200192 80200192        0     1                 
8020019a 8020019a        0     1                 
8020019e 8020019e        0     1                 
8020019e 8020019e        0     1                 
802001a2 802001a2        0     1                 
802001a4 802001a4        0     1                 
802001a6 802001a6        0     1                 
802001a8 802001a8        0     1                 .LBB3_4
802001a8 802001a8        0     1                 
802001ae 802001ae        0     1                 .LBB3_5
802001ae 802001ae        0     1                 
802001ae 802001ae        0     1                 
802001b0 802001b0        0     1                 .LBB3_6
802001b0 802001b0        0     1                 
802001b0 802001b0        0     1                 
802001b4 802001b4        0     1                 
802001b4 802001b4        0     1                 
802001b6 802001b6        0     1                 
802001b8 802001b8        0     1                 
802001b8 802001b8        0     1                 
802001b8 802001b8        0     1                 
802001b8 802001b8        0     1                 
802001b8 802001b8        0     1                 
802001b8 802001b8      1a6     1                 printf
802001d6 802001d6        0     1                 
802001e6 802001e6        0     1                 
8020020e 8020020e        0     1                 .LBB4_1
8020020e 8020020e        0     1                 
80200212 80200212        0     1                 .LBB4_2
80200212 80200212        0     1                 
80200214 80200214        0     1                 .LBB4_3
80200214 80200214        0     1                 
80200218 80200218        0     1                 
80200220 80200220        0     1                 .LBB4_5
80200220 80200220        0     1                 
80200222 80200222        0     1                 
80200222 80200222        0     1                 
80200224 80200224        0     1                 
80200226 80200226        0     1                 .LBB4_6
80200226 80200226        0     1                 
8020022a 8020022a        0     1                 
8020022c 8020022c        0     1                 
8020023c 8020023c        0     1                 
8020023c 8020023c        0     1                 
80200248 80200248        0     1                 
80200248 80200248        0     1                 
8020024c 8020024c        0     1                 
8020024c 8020024c        0     1                 
8020024e 8020024e        0     1                 
80200254 80200254        0     1                 .LBB4_11
80200254 80200254        0     1                 
80200254 80200254        0     1                 
8020025c 8020025c        0     1                 
8020025c 8020025c        0     1                 
80200266 80200266        0     1                 
80200266 80200266        0     1                 
8020026a 8020026a        0     1                 
8020026a 8020026a        0     1                 
8020026c 8020026c        0     1                 
80200270 80200270        0     1                 
80200272 80200272        0     1                 
80200272 80200272        0     1                 
80200278 80200278        0     1                 
80200278 80200278        0     1                 
8020027a 8020027a        0     1                 
8020027e 8020027e        0     1                 
80200280 80200280        0     1                 
80200280 80200280        0     1                 
80200286 80200286        0     1                 
80200286 80200286        0     1                 
80200288 80200288        0     1                 
8020028c 8020028c        0     1                 
8020028e 8020028e        0     1                 
8020028e 8020028e        0     1                 
80200294 80200294        0     1                 
80200294 80200294        0     1                 
80200296 80200296        0     1                 
8020029a 8020029a        0     1                 
8020029c 8020029c        0     1                 
8020029c 8020029c        0     1                 
802002a2 802002a2        0     1                 
802002a2 802002a2        0     1                 
802002a4 802002a4        0     1                 
802002a8 802002a8        0     1                 
802002aa 802002aa        0     1                 
802002aa 802002aa        0     1                 
802002b0 802002b0        0     1                 
802002b0 802002b0        0     1                 
802002b2 802002b2        0     1                 
802002b6 802002b6        0     1                 
802002b8 802002b8        0     1                 
802002b8 802002b8        0     1                 
802002be 802002be        0     1                 
802002be 802002be        0     1                 
802002c0 802002c0        0     1                 
802002c4 802002c4        0     1                 
802002c6 802002c6        0     1                 
802002c6 802002c6        0     1                 
802002c8 802002c8        0     1                 
802002c8 802002c8        0     1                 
802002ca 802002ca        0     1                 
802002ce 802002ce        0     1                 
802002ce 802002ce        0     1                 
802002d0 802002d0        0     1                 
802002d0 802002d0        0     1                 
802002d2 802002d2        0     1                 
802002d4 802002d4        0     1                 .LBB4_14
802002d4 802002d4        0     1                 
802002d4 802002d4        0     1                 
802002de 802002de        0     1                 
802002de 802002de        0     1                 
802002e2 802002e2        0     1                 
802002e8 802002e8        0     1                 
802002e8 802002e8        0     1                 .LBB4_16
802002e8 802002e8        0     1                 
802002ee 802002ee        0     1                 
802002ee 802002ee        0     1                 
802002f2 802002f2        0     1                 
802002f4 802002f4        0     1                 
802002f8 802002f8        0     1                 .LBB4_17
802002f8 802002f8        0     1                 
802002f8 802002f8        0     1                 
802002fe 802002fe        0     1                 
802002fe 802002fe        0     1                 
80200302 80200302        0     1                 
80200302 80200302        0     1                 
80200304 80200304        0     1                 
80200308 80200308        0     1                 .LBB4_18
80200308 80200308        0     1                 
8020030a 8020030a        0     1                 
8020030a 8020030a        0     1                 .LBB4_19
8020030a 8020030a        0     1                 
8020030e 8020030e        0     1                 
80200312 80200312        0     1                 
80200316 80200316        0     1                 .LBB4_20
80200316 80200316        0     1                 
80200316 80200316        0     1                 
80200318 80200318        0     1                 
80200318 80200318        0     1                 
8020031c 8020031c        0     1                 
80200320 80200320        0     1                 
80200326 80200326        0     1                 
80200326 80200326        0     1                 
8020032e 8020032e        0     1                 
80200334 80200334        0     1                 
80200334 80200334        0     1                 
8020033a 8020033a        0     1                 .LBB4_21
8020033a 8020033a        0     1                 
8020033a 8020033a        0     1                 
80200340 80200340        0     1                 .LBB4_22
80200340 80200340        0     1                 
80200340 80200340        0     1                 
80200344 80200344        0     1                 
8020035a 8020035a        0     1                 
8020035e 8020035e        0     1                 
8020035e 8020035e        0     1                 
80200360 80200360       88     4 .rodata
80200360 80200360       88     1         <internal>:(.rodata.str1.1)
802003e8 802003e8        4     4 .sdata
802003e8 802003e8        4     4         /tmp/kernel-96c0f8.o:(.sdata)
802003e8 802003e8        4     1                 alloc_pages.next_paddr
802003e8 802003e8        0     1                 $d.2
802003ec 802003ec        0     4 .bss
802003ec 802003ec        0     1         __bss = .
802003ec 802003ec        0     1         __bss_end = .
802003ec 802003ec        0     1 . = ALIGN ( 4 )
802003ec 802003ec    20000     1 . += 128 * 1024
802203ec 802203ec        0     1 __stack_top = .
802203ec 802203ec      c14     1 . = ALIGN ( 4096 )
80221000 80221000        0     1 __free_ram = .
80221000 80221000  4000000     1 . += 64 * 1024 * 1024
84221000 84221000        0     1 __free_ram_end = .
       0        0      3fb     1 .debug_loc
       0        0      110     1         /tmp/kernel-96c0f8.o:(.debug_loc)
       0        0        0     1                 
       0        0        0     1                 $d.4
      1b       1b        0     1                 
      36       36        0     1                 
      51       51        0     1                 
      6e       6e        0     1                 
      89       89        0     1                 
      a4       a4        0     1                 
      bf       bf        0     1                 
      da       da        0     1                 
      f5       f5        0     1                 
     110      110      2eb     1         /tmp/common-ab0450.o:(.debug_loc)
     110      110        0     1                 
     110      110        0     1                 $d.2
     123      123        0     1                 
     157      157        0     1                 
     16c      16c        0     1                 
     1a0      1a0        0     1                 
     1b5      1b5        0     1                 
     1d3      1d3        0     1                 
     1fc      1fc        0     1                 
     232      232        0     1                 
     245      245        0     1                 
     263      263        0     1                 
     281      281        0     1                 
     29f      29f        0     1                 
     2e0      2e0        0     1                 
     35d      35d        0     1                 
     370      370        0     1                 
     3d0      3d0        0     1                 
       0        0      2d0     1 .debug_abbrev
       0        0      1a8     1         /tmp/kernel-96c0f8.o:(.debug_abbrev)
       0        0        0     1                 $d.5
     1a8      1a8      128     1         /tmp/common-ab0450.o:(.debug_abbrev)
     1a8      1a8        0     1                 $d.3
       0        0      752     1 .debug_info
       0        0      427     1         /tmp/kernel-96c0f8.o:(.debug_info)
       0        0        0     1                 $d.6
     427      427      32b     1         /tmp/common-ab0450.o:(.debug_info)
     427      427        0     1                 $d.4
       0        0       30     1 .debug_ranges
       0        0       18     1         /tmp/kernel-96c0f8.o:(.debug_ranges)
       0        0        0     1                 
       0        0        0     1                 $d.7
      18       18       18     1         /tmp/common-ab0450.o:(.debug_ranges)
      18       18        0     1                 
      18       18        0     1                 $d.5
       0        0      207     1 .debug_str
       0        0      207     1         <internal>:(.debug_str)
       0        0       42     1 .comment
       0        0       42     1         <internal>:(.comment)
       0        0       2b     1 .riscv.attributes
       0        0       2b     1         <internal>:(.riscv.attributes)
       0        0      100     4 .debug_frame
       0        0       7c     4         /tmp/kernel-96c0f8.o:(.debug_frame)
       0        0        0     1                 
       0        0        0     1                 $d.11
      7c       7c       84     4         /tmp/common-ab0450.o:(.debug_frame)
      7c       7c        0     1                 
      7c       7c        0     1                 $d.9
       0        0      52e     1 .debug_line
       0        0      16c     1         /tmp/kernel-96c0f8.o:(.debug_line)
       0        0        0     1                 .Lline_table_start0
       0        0        0     1                 $d.12
     16c      16c      3c2     1         /tmp/common-ab0450.o:(.debug_line)
     16c      16c        0     1                 .Lline_table_start0
     16c      16c        0     1                 $d.10
       0        0     1a10     4 .symtab
       0        0     1a10     4         <internal>:(.symtab)
       0        0       a7     1 .shstrtab
       0        0       a7     1         <internal>:(.shstrtab)
       0        0      12d     1 .strtab
       0        0      12d     1         <internal>:(.strtab)
