     VMA      LMA     Size Align Out     In      Symbol
       0        0 80200000     1 . = 0x80200000
80200000 80200000      27e     2 .text
80200000 80200000        e     2         /tmp/kernel-fd4d39.o:(.text.boot)
80200000 80200000        0     1                 
80200000 80200000        0     1                 
80200000 80200000        0     1                 $x.1
80200000 80200000        0     1                 
80200000 80200000        e     1                 boot
8020000e 8020000e        0     1                 
8020000e 8020000e        0     1                 
8020000e 8020000e       46     2         /tmp/kernel-fd4d39.o:(.text)
8020000e 8020000e        0     1                 
8020000e 8020000e        0     1                 
8020000e 8020000e        0     1                 $x.0
8020000e 8020000e        0     1                 
8020000e 8020000e        6     1                 sbi_call
80200012 80200012        0     1                 
80200014 80200014        0     1                 
80200014 80200014        0     1                 
80200014 80200014        0     1                 
80200014 80200014       14     1                 putchar
80200026 80200026        0     1                 
80200028 80200028        0     1                 
80200028 80200028        0     1                 
80200028 80200028        0     1                 
80200028 80200028       2c     1                 kernel_main
8020002c 8020002c        0     1                 
80200034 80200034        0     1                 
80200038 80200038        0     1                 
80200038 80200038        0     1                 
80200044 80200044        0     1                 .LBB2_2
8020004c 8020004c        0     1                 .LBB2_3
8020004e 8020004e        0     1                 
8020004e 8020004e        0     1                 .LBB2_4
8020004e 8020004e        0     1                 
80200052 80200052        0     1                 
80200054 80200054        0     1                 
80200054 80200054        0     1                 
80200054 80200054      22a     2         /tmp/common-7a7d54.o:(.text)
80200054 80200054        0     1                 
80200054 80200054        0     1                 
80200054 80200054        0     1                 $x.0
80200054 80200054        0     1                 
80200054 80200054       1c     1                 memcpy
80200058 80200058        0     1                 
80200058 80200058        0     1                 
8020005a 8020005a        0     1                 
8020005a 8020005a        0     1                 .LBB0_2
8020005a 8020005a        0     1                 
8020005e 8020005e        0     1                 
80200060 80200060        0     1                 
80200064 80200064        0     1                 
80200064 80200064        0     1                 
80200068 80200068        0     1                 
8020006a 8020006a        0     1                 
8020006a 8020006a        0     1                 
8020006e 8020006e        0     1                 .LBB0_3
8020006e 8020006e        0     1                 
8020006e 8020006e        0     1                 
80200070 80200070        0     1                 
80200070 80200070        0     1                 
80200070 80200070        0     1                 
80200070 80200070        0     1                 
80200070 80200070        0     1                 
80200070 80200070       16     1                 memset
80200074 80200074        0     1                 
80200074 80200074        0     1                 
80200076 80200076        0     1                 
80200076 80200076        0     1                 .LBB1_2
80200076 80200076        0     1                 
8020007a 8020007a        0     1                 
8020007a 8020007a        0     1                 
8020007e 8020007e        0     1                 
80200080 80200080        0     1                 
80200080 80200080        0     1                 
80200084 80200084        0     1                 .LBB1_3
80200084 80200084        0     1                 
80200084 80200084        0     1                 
80200086 80200086        0     1                 
80200086 80200086        0     1                 
80200086 80200086        0     1                 
80200086 80200086        0     1                 
80200086 80200086        0     1                 
80200086 80200086       24     1                 strcpy
8020008c 8020008c        0     1                 
80200090 80200090        0     1                 
80200090 80200090        0     1                 
80200092 80200092        0     1                 
80200092 80200092        0     1                 .LBB2_2
80200092 80200092        0     1                 
80200096 80200096        0     1                 
8020009a 8020009a        0     1                 
8020009e 8020009e        0     1                 
8020009e 8020009e        0     1                 
802000a0 802000a0        0     1                 
802000a0 802000a0        0     1                 
802000a2 802000a2        0     1                 
802000a4 802000a4        0     1                 .LBB2_3
802000a4 802000a4        0     1                 
802000a4 802000a4        0     1                 
802000a8 802000a8        0     1                 
802000aa 802000aa        0     1                 
802000aa 802000aa        0     1                 
802000aa 802000aa        0     1                 
802000aa 802000aa        0     1                 
802000aa 802000aa        0     1                 
802000aa 802000aa       2e     1                 strcmp
802000ae 802000ae        0     1                 
802000b0 802000b0        0     1                 
802000b2 802000b2        0     1                 
802000b2 802000b2        0     1                 .LBB3_2
802000b2 802000b2        0     1                 
802000ba 802000ba        0     1                 
802000be 802000be        0     1                 
802000be 802000be        0     1                 
802000c2 802000c2        0     1                 
802000c4 802000c4        0     1                 
802000c6 802000c6        0     1                 
802000c8 802000c8        0     1                 .LBB3_4
802000c8 802000c8        0     1                 
802000ce 802000ce        0     1                 .LBB3_5
802000ce 802000ce        0     1                 
802000ce 802000ce        0     1                 
802000d0 802000d0        0     1                 .LBB3_6
802000d0 802000d0        0     1                 
802000d0 802000d0        0     1                 
802000d4 802000d4        0     1                 
802000d4 802000d4        0     1                 
802000d6 802000d6        0     1                 
802000d8 802000d8        0     1                 
802000d8 802000d8        0     1                 
802000d8 802000d8        0     1                 
802000d8 802000d8        0     1                 
802000d8 802000d8        0     1                 
802000d8 802000d8      1a6     1                 printf
802000f6 802000f6        0     1                 
80200106 80200106        0     1                 
8020012e 8020012e        0     1                 .LBB4_1
8020012e 8020012e        0     1                 
80200132 80200132        0     1                 .LBB4_2
80200132 80200132        0     1                 
80200134 80200134        0     1                 .LBB4_3
80200134 80200134        0     1                 
80200138 80200138        0     1                 
80200140 80200140        0     1                 .LBB4_5
80200140 80200140        0     1                 
80200142 80200142        0     1                 
80200142 80200142        0     1                 
80200144 80200144        0     1                 
80200146 80200146        0     1                 .LBB4_6
80200146 80200146        0     1                 
8020014a 8020014a        0     1                 
8020014c 8020014c        0     1                 
8020015c 8020015c        0     1                 
8020015c 8020015c        0     1                 
80200168 80200168        0     1                 
80200168 80200168        0     1                 
8020016c 8020016c        0     1                 
8020016c 8020016c        0     1                 
8020016e 8020016e        0     1                 
80200174 80200174        0     1                 .LBB4_11
80200174 80200174        0     1                 
80200174 80200174        0     1                 
8020017c 8020017c        0     1                 
8020017c 8020017c        0     1                 
80200186 80200186        0     1                 
80200186 80200186        0     1                 
8020018a 8020018a        0     1                 
8020018a 8020018a        0     1                 
8020018c 8020018c        0     1                 
80200190 80200190        0     1                 
80200192 80200192        0     1                 
80200192 80200192        0     1                 
80200198 80200198        0     1                 
80200198 80200198        0     1                 
8020019a 8020019a        0     1                 
8020019e 8020019e        0     1                 
802001a0 802001a0        0     1                 
802001a0 802001a0        0     1                 
802001a6 802001a6        0     1                 
802001a6 802001a6        0     1                 
802001a8 802001a8        0     1                 
802001ac 802001ac        0     1                 
802001ae 802001ae        0     1                 
802001ae 802001ae        0     1                 
802001b4 802001b4        0     1                 
802001b4 802001b4        0     1                 
802001b6 802001b6        0     1                 
802001ba 802001ba        0     1                 
802001bc 802001bc        0     1                 
802001bc 802001bc        0     1                 
802001c2 802001c2        0     1                 
802001c2 802001c2        0     1                 
802001c4 802001c4        0     1                 
802001c8 802001c8        0     1                 
802001ca 802001ca        0     1                 
802001ca 802001ca        0     1                 
802001d0 802001d0        0     1                 
802001d0 802001d0        0     1                 
802001d2 802001d2        0     1                 
802001d6 802001d6        0     1                 
802001d8 802001d8        0     1                 
802001d8 802001d8        0     1                 
802001de 802001de        0     1                 
802001de 802001de        0     1                 
802001e0 802001e0        0     1                 
802001e4 802001e4        0     1                 
802001e6 802001e6        0     1                 
802001e6 802001e6        0     1                 
802001e8 802001e8        0     1                 
802001e8 802001e8        0     1                 
802001ea 802001ea        0     1                 
802001ee 802001ee        0     1                 
802001ee 802001ee        0     1                 
802001f0 802001f0        0     1                 
802001f0 802001f0        0     1                 
802001f2 802001f2        0     1                 
802001f4 802001f4        0     1                 .LBB4_14
802001f4 802001f4        0     1                 
802001f4 802001f4        0     1                 
802001fe 802001fe        0     1                 
802001fe 802001fe        0     1                 
80200202 80200202        0     1                 
80200208 80200208        0     1                 
80200208 80200208        0     1                 .LBB4_16
80200208 80200208        0     1                 
8020020e 8020020e        0     1                 
8020020e 8020020e        0     1                 
80200212 80200212        0     1                 
80200214 80200214        0     1                 
80200218 80200218        0     1                 .LBB4_17
80200218 80200218        0     1                 
80200218 80200218        0     1                 
8020021e 8020021e        0     1                 
8020021e 8020021e        0     1                 
80200222 80200222        0     1                 
80200222 80200222        0     1                 
80200224 80200224        0     1                 
80200228 80200228        0     1                 .LBB4_18
80200228 80200228        0     1                 
8020022a 8020022a        0     1                 
8020022a 8020022a        0     1                 .LBB4_19
8020022a 8020022a        0     1                 
8020022e 8020022e        0     1                 
80200232 80200232        0     1                 
80200236 80200236        0     1                 .LBB4_20
80200236 80200236        0     1                 
80200236 80200236        0     1                 
80200238 80200238        0     1                 
80200238 80200238        0     1                 
8020023c 8020023c        0     1                 
80200240 80200240        0     1                 
80200246 80200246        0     1                 
80200246 80200246        0     1                 
8020024e 8020024e        0     1                 
80200254 80200254        0     1                 
80200254 80200254        0     1                 
8020025a 8020025a        0     1                 .LBB4_21
8020025a 8020025a        0     1                 
8020025a 8020025a        0     1                 
80200260 80200260        0     1                 .LBB4_22
80200260 80200260        0     1                 
80200260 80200260        0     1                 
80200264 80200264        0     1                 
8020027a 8020027a        0     1                 
8020027e 8020027e        0     1                 
8020027e 8020027e        0     1                 
80200280 80200280       35     4 .rodata
80200280 80200280       35     1         <internal>:(.rodata.str1.1)
802002b8 802002b8        0     4 .bss
802002b8 802002b8        0     1         __bss = .
802002b8 802002b8        0     1         __bss_end = .
802002b8 802002b8        0     1 . = ALIGN ( 4 )
802002b8 802002b8    20000     1 . += 128 * 1024
802202b8 802202b8        0     1 __stack_top = .
       0        0      38f     1 .debug_loc
       0        0       a4     1         /tmp/kernel-fd4d39.o:(.debug_loc)
       0        0        0     1                 
       0        0        0     1                 $d.3
      1b       1b        0     1                 
      36       36        0     1                 
      51       51        0     1                 
      6e       6e        0     1                 
      89       89        0     1                 
      a4       a4      2eb     1         /tmp/common-7a7d54.o:(.debug_loc)
      a4       a4        0     1                 
      a4       a4        0     1                 $d.2
      b7       b7        0     1                 
      eb       eb        0     1                 
     100      100        0     1                 
     134      134        0     1                 
     149      149        0     1                 
     167      167        0     1                 
     190      190        0     1                 
     1c6      1c6        0     1                 
     1d9      1d9        0     1                 
     1f7      1f7        0     1                 
     215      215        0     1                 
     233      233        0     1                 
     274      274        0     1                 
     2f1      2f1        0     1                 
     304      304        0     1                 
     364      364        0     1                 
       0        0      2a6     1 .debug_abbrev
       0        0      17e     1         /tmp/kernel-fd4d39.o:(.debug_abbrev)
       0        0        0     1                 $d.4
     17e      17e      128     1         /tmp/common-7a7d54.o:(.debug_abbrev)
     17e      17e        0     1                 $d.3
       0        0      627     1 .debug_info
       0        0      2fc     1         /tmp/kernel-fd4d39.o:(.debug_info)
       0        0        0     1                 $d.5
     2fc      2fc      32b     1         /tmp/common-7a7d54.o:(.debug_info)
     2fc      2fc        0     1                 $d.4
       0        0       30     1 .debug_ranges
       0        0       18     1         /tmp/kernel-fd4d39.o:(.debug_ranges)
       0        0        0     1                 
       0        0        0     1                 $d.6
      18       18       18     1         /tmp/common-7a7d54.o:(.debug_ranges)
      18       18        0     1                 
      18       18        0     1                 $d.5
       0        0      1d4     1 .debug_str
       0        0      1d4     1         <internal>:(.debug_str)
       0        0       42     1 .comment
       0        0       42     1         <internal>:(.comment)
       0        0       2b     1 .riscv.attributes
       0        0       2b     1         <internal>:(.riscv.attributes)
       0        0       e0     4 .debug_frame
       0        0       5c     4         /tmp/kernel-fd4d39.o:(.debug_frame)
       0        0        0     1                 
       0        0        0     1                 $d.10
      5c       5c       84     4         /tmp/common-7a7d54.o:(.debug_frame)
      5c       5c        0     1                 
      5c       5c        0     1                 $d.9
       0        0      46e     1 .debug_line
       0        0       ac     1         /tmp/kernel-fd4d39.o:(.debug_line)
       0        0        0     1                 .Lline_table_start0
       0        0        0     1                 $d.11
      ac       ac      3c2     1         /tmp/common-7a7d54.o:(.debug_line)
      ac       ac        0     1                 .Lline_table_start0
      ac       ac        0     1                 $d.10
       0        0     1670     4 .symtab
       0        0     1670     4         <internal>:(.symtab)
       0        0       a0     1 .shstrtab
       0        0       a0     1         <internal>:(.shstrtab)
       0        0       ea     1 .strtab
       0        0       ea     1         <internal>:(.strtab)
