     VMA      LMA     Size Align Out     In      Symbol
       0        0 80200000     1 . = 0x80200000
80200000 80200000      2a4     2 .text
80200000 80200000        e     2         /tmp/kernel-be76e4.o:(.text.boot)
80200000 80200000        0     1                 
80200000 80200000        0     1                 
80200000 80200000        0     1                 $x.1
80200000 80200000        0     1                 
80200000 80200000        e     1                 boot
8020000e 8020000e        0     1                 
8020000e 8020000e        0     1                 
8020000e 8020000e       6c     2         /tmp/kernel-be76e4.o:(.text)
8020000e 8020000e        0     1                 
8020000e 8020000e        0     1                 
8020000e 8020000e        0     1                 $x.0
8020000e 8020000e        0     1                 
8020000e 8020000e        6     1                 sbi_call
80200012 80200012        0     1                 
80200014 80200014        0     1                 
80200014 80200014        0     1                 
80200014 80200014        0     1                 
80200014 80200014       14     1                 putchar
80200026 80200026        0     1                 
80200028 80200028        0     1                 
80200028 80200028        0     1                 
80200028 80200028        0     1                 
80200028 80200028       52     1                 kernel_main
8020002c 8020002c        0     1                 
80200034 80200034        0     1                 
80200038 80200038        0     1                 
80200038 80200038        0     1                 
80200044 80200044        0     1                 .LBB2_2
8020004c 8020004c        0     1                 .LBB2_3
8020004e 8020004e        0     1                 
8020004e 8020004e        0     1                 
80200060 80200060        0     1                 
80200060 80200060        0     1                 
80200074 80200074        0     1                 
80200074 80200074        0     1                 .LBB2_4
80200074 80200074        0     1                 
80200078 80200078        0     1                 
8020007a 8020007a        0     1                 
8020007a 8020007a        0     1                 
8020007a 8020007a      22a     2         /tmp/common-c697c0.o:(.text)
8020007a 8020007a        0     1                 
8020007a 8020007a        0     1                 
8020007a 8020007a        0     1                 $x.0
8020007a 8020007a        0     1                 
8020007a 8020007a       1c     1                 memcpy
8020007e 8020007e        0     1                 
8020007e 8020007e        0     1                 
80200080 80200080        0     1                 
80200080 80200080        0     1                 .LBB0_2
80200080 80200080        0     1                 
80200084 80200084        0     1                 
80200086 80200086        0     1                 
8020008a 8020008a        0     1                 
8020008a 8020008a        0     1                 
8020008e 8020008e        0     1                 
80200090 80200090        0     1                 
80200090 80200090        0     1                 
80200094 80200094        0     1                 .LBB0_3
80200094 80200094        0     1                 
80200094 80200094        0     1                 
80200096 80200096        0     1                 
80200096 80200096        0     1                 
80200096 80200096        0     1                 
80200096 80200096        0     1                 
80200096 80200096        0     1                 
80200096 80200096       16     1                 memset
8020009a 8020009a        0     1                 
8020009a 8020009a        0     1                 
8020009c 8020009c        0     1                 
8020009c 8020009c        0     1                 .LBB1_2
8020009c 8020009c        0     1                 
802000a0 802000a0        0     1                 
802000a0 802000a0        0     1                 
802000a4 802000a4        0     1                 
802000a6 802000a6        0     1                 
802000a6 802000a6        0     1                 
802000aa 802000aa        0     1                 .LBB1_3
802000aa 802000aa        0     1                 
802000aa 802000aa        0     1                 
802000ac 802000ac        0     1                 
802000ac 802000ac        0     1                 
802000ac 802000ac        0     1                 
802000ac 802000ac        0     1                 
802000ac 802000ac        0     1                 
802000ac 802000ac       24     1                 strcpy
802000b2 802000b2        0     1                 
802000b6 802000b6        0     1                 
802000b6 802000b6        0     1                 
802000b8 802000b8        0     1                 
802000b8 802000b8        0     1                 .LBB2_2
802000b8 802000b8        0     1                 
802000bc 802000bc        0     1                 
802000c0 802000c0        0     1                 
802000c4 802000c4        0     1                 
802000c4 802000c4        0     1                 
802000c6 802000c6        0     1                 
802000c6 802000c6        0     1                 
802000c8 802000c8        0     1                 
802000ca 802000ca        0     1                 .LBB2_3
802000ca 802000ca        0     1                 
802000ca 802000ca        0     1                 
802000ce 802000ce        0     1                 
802000d0 802000d0        0     1                 
802000d0 802000d0        0     1                 
802000d0 802000d0        0     1                 
802000d0 802000d0        0     1                 
802000d0 802000d0        0     1                 
802000d0 802000d0       2e     1                 strcmp
802000d4 802000d4        0     1                 
802000d6 802000d6        0     1                 
802000d8 802000d8        0     1                 
802000d8 802000d8        0     1                 .LBB3_2
802000d8 802000d8        0     1                 
802000e0 802000e0        0     1                 
802000e4 802000e4        0     1                 
802000e4 802000e4        0     1                 
802000e8 802000e8        0     1                 
802000ea 802000ea        0     1                 
802000ec 802000ec        0     1                 
802000ee 802000ee        0     1                 .LBB3_4
802000ee 802000ee        0     1                 
802000f4 802000f4        0     1                 .LBB3_5
802000f4 802000f4        0     1                 
802000f4 802000f4        0     1                 
802000f6 802000f6        0     1                 .LBB3_6
802000f6 802000f6        0     1                 
802000f6 802000f6        0     1                 
802000fa 802000fa        0     1                 
802000fa 802000fa        0     1                 
802000fc 802000fc        0     1                 
802000fe 802000fe        0     1                 
802000fe 802000fe        0     1                 
802000fe 802000fe        0     1                 
802000fe 802000fe        0     1                 
802000fe 802000fe        0     1                 
802000fe 802000fe      1a6     1                 printf
8020011c 8020011c        0     1                 
8020012c 8020012c        0     1                 
80200154 80200154        0     1                 .LBB4_1
80200154 80200154        0     1                 
80200158 80200158        0     1                 .LBB4_2
80200158 80200158        0     1                 
8020015a 8020015a        0     1                 .LBB4_3
8020015a 8020015a        0     1                 
8020015e 8020015e        0     1                 
80200166 80200166        0     1                 .LBB4_5
80200166 80200166        0     1                 
80200168 80200168        0     1                 
80200168 80200168        0     1                 
8020016a 8020016a        0     1                 
8020016c 8020016c        0     1                 .LBB4_6
8020016c 8020016c        0     1                 
80200170 80200170        0     1                 
80200172 80200172        0     1                 
80200182 80200182        0     1                 
80200182 80200182        0     1                 
8020018e 8020018e        0     1                 
8020018e 8020018e        0     1                 
80200192 80200192        0     1                 
80200192 80200192        0     1                 
80200194 80200194        0     1                 
8020019a 8020019a        0     1                 .LBB4_11
8020019a 8020019a        0     1                 
8020019a 8020019a        0     1                 
802001a2 802001a2        0     1                 
802001a2 802001a2        0     1                 
802001ac 802001ac        0     1                 
802001ac 802001ac        0     1                 
802001b0 802001b0        0     1                 
802001b0 802001b0        0     1                 
802001b2 802001b2        0     1                 
802001b6 802001b6        0     1                 
802001b8 802001b8        0     1                 
802001b8 802001b8        0     1                 
802001be 802001be        0     1                 
802001be 802001be        0     1                 
802001c0 802001c0        0     1                 
802001c4 802001c4        0     1                 
802001c6 802001c6        0     1                 
802001c6 802001c6        0     1                 
802001cc 802001cc        0     1                 
802001cc 802001cc        0     1                 
802001ce 802001ce        0     1                 
802001d2 802001d2        0     1                 
802001d4 802001d4        0     1                 
802001d4 802001d4        0     1                 
802001da 802001da        0     1                 
802001da 802001da        0     1                 
802001dc 802001dc        0     1                 
802001e0 802001e0        0     1                 
802001e2 802001e2        0     1                 
802001e2 802001e2        0     1                 
802001e8 802001e8        0     1                 
802001e8 802001e8        0     1                 
802001ea 802001ea        0     1                 
802001ee 802001ee        0     1                 
802001f0 802001f0        0     1                 
802001f0 802001f0        0     1                 
802001f6 802001f6        0     1                 
802001f6 802001f6        0     1                 
802001f8 802001f8        0     1                 
802001fc 802001fc        0     1                 
802001fe 802001fe        0     1                 
802001fe 802001fe        0     1                 
80200204 80200204        0     1                 
80200204 80200204        0     1                 
80200206 80200206        0     1                 
8020020a 8020020a        0     1                 
8020020c 8020020c        0     1                 
8020020c 8020020c        0     1                 
8020020e 8020020e        0     1                 
8020020e 8020020e        0     1                 
80200210 80200210        0     1                 
80200214 80200214        0     1                 
80200214 80200214        0     1                 
80200216 80200216        0     1                 
80200216 80200216        0     1                 
80200218 80200218        0     1                 
8020021a 8020021a        0     1                 .LBB4_14
8020021a 8020021a        0     1                 
8020021a 8020021a        0     1                 
80200224 80200224        0     1                 
80200224 80200224        0     1                 
80200228 80200228        0     1                 
8020022e 8020022e        0     1                 
8020022e 8020022e        0     1                 .LBB4_16
8020022e 8020022e        0     1                 
80200234 80200234        0     1                 
80200234 80200234        0     1                 
80200238 80200238        0     1                 
8020023a 8020023a        0     1                 
8020023e 8020023e        0     1                 .LBB4_17
8020023e 8020023e        0     1                 
8020023e 8020023e        0     1                 
80200244 80200244        0     1                 
80200244 80200244        0     1                 
80200248 80200248        0     1                 
80200248 80200248        0     1                 
8020024a 8020024a        0     1                 
8020024e 8020024e        0     1                 .LBB4_18
8020024e 8020024e        0     1                 
80200250 80200250        0     1                 
80200250 80200250        0     1                 .LBB4_19
80200250 80200250        0     1                 
80200254 80200254        0     1                 
80200258 80200258        0     1                 
8020025c 8020025c        0     1                 .LBB4_20
8020025c 8020025c        0     1                 
8020025c 8020025c        0     1                 
8020025e 8020025e        0     1                 
8020025e 8020025e        0     1                 
80200262 80200262        0     1                 
80200266 80200266        0     1                 
8020026c 8020026c        0     1                 
8020026c 8020026c        0     1                 
80200274 80200274        0     1                 
8020027a 8020027a        0     1                 
8020027a 8020027a        0     1                 
80200280 80200280        0     1                 .LBB4_21
80200280 80200280        0     1                 
80200280 80200280        0     1                 
80200286 80200286        0     1                 .LBB4_22
80200286 80200286        0     1                 
80200286 80200286        0     1                 
8020028a 8020028a        0     1                 
802002a0 802002a0        0     1                 
802002a4 802002a4        0     1                 
802002a4 802002a4        0     1                 
802002a4 802002a4       58     4 .rodata
802002a4 802002a4       58     1         <internal>:(.rodata.str1.1)
802002fc 802002fc        0     4 .bss
802002fc 802002fc        0     1         __bss = .
802002fc 802002fc        0     1         __bss_end = .
802002fc 802002fc        0     1 . = ALIGN ( 4 )
802002fc 802002fc    20000     1 . += 128 * 1024
802202fc 802202fc        0     1 __stack_top = .
       0        0      38f     1 .debug_loc
       0        0       a4     1         /tmp/kernel-be76e4.o:(.debug_loc)
       0        0        0     1                 
       0        0        0     1                 $d.3
      1b       1b        0     1                 
      36       36        0     1                 
      51       51        0     1                 
      6e       6e        0     1                 
      89       89        0     1                 
      a4       a4      2eb     1         /tmp/common-c697c0.o:(.debug_loc)
      a4       a4        0     1                 
      a4       a4        0     1                 $d.2
      b7       b7        0     1                 
      eb       eb        0     1                 
     100      100        0     1                 
     134      134        0     1                 
     149      149        0     1                 
     167      167        0     1                 
     190      190        0     1                 
     1c6      1c6        0     1                 
     1d9      1d9        0     1                 
     1f7      1f7        0     1                 
     215      215        0     1                 
     233      233        0     1                 
     274      274        0     1                 
     2f1      2f1        0     1                 
     304      304        0     1                 
     364      364        0     1                 
       0        0      2a6     1 .debug_abbrev
       0        0      17e     1         /tmp/kernel-be76e4.o:(.debug_abbrev)
       0        0        0     1                 $d.4
     17e      17e      128     1         /tmp/common-c697c0.o:(.debug_abbrev)
     17e      17e        0     1                 $d.3
       0        0      678     1 .debug_info
       0        0      34d     1         /tmp/kernel-be76e4.o:(.debug_info)
       0        0        0     1                 $d.5
     34d      34d      32b     1         /tmp/common-c697c0.o:(.debug_info)
     34d      34d        0     1                 $d.4
       0        0       30     1 .debug_ranges
       0        0       18     1         /tmp/kernel-be76e4.o:(.debug_ranges)
       0        0        0     1                 
       0        0        0     1                 $d.6
      18       18       18     1         /tmp/common-c697c0.o:(.debug_ranges)
      18       18        0     1                 
      18       18        0     1                 $d.5
       0        0      1d4     1 .debug_str
       0        0      1d4     1         <internal>:(.debug_str)
       0        0       42     1 .comment
       0        0       42     1         <internal>:(.comment)
       0        0       2b     1 .riscv.attributes
       0        0       2b     1         <internal>:(.riscv.attributes)
       0        0       e0     4 .debug_frame
       0        0       5c     4         /tmp/kernel-be76e4.o:(.debug_frame)
       0        0        0     1                 
       0        0        0     1                 $d.10
      5c       5c       84     4         /tmp/common-c697c0.o:(.debug_frame)
      5c       5c        0     1                 
      5c       5c        0     1                 $d.9
       0        0      47c     1 .debug_line
       0        0       ba     1         /tmp/kernel-be76e4.o:(.debug_line)
       0        0        0     1                 .Lline_table_start0
       0        0        0     1                 $d.11
      ba       ba      3c2     1         /tmp/common-c697c0.o:(.debug_line)
      ba       ba        0     1                 .Lline_table_start0
      ba       ba        0     1                 $d.10
       0        0     16b0     4 .symtab
       0        0     16b0     4         <internal>:(.symtab)
       0        0       a0     1 .shstrtab
       0        0       a0     1         <internal>:(.shstrtab)
       0        0       ea     1 .strtab
       0        0       ea     1         <internal>:(.strtab)
