     VMA      LMA     Size Align Out     In      Symbol
       0        0  1000000     1 . = 0x1000000
 1000000  1000000      23e     2 .text
 1000000  1000000        e     2         /tmp/user-1b371b.o:(.text.start)
 1000000  1000000        0     1                 
 1000000  1000000        0     1                 
 1000000  1000000        0     1                 $x.1
 1000000  1000000        0     1                 
 1000000  1000000        e     1                 start
 100000e  100000e        0     1                 
 100000e  100000e        0     1                 
 100000e  100000e        2     2         /tmp/shell-bfc169.o:(.text)
 100000e  100000e        0     1                 
 100000e  100000e        0     1                 
 100000e  100000e        0     1                 .LBB0_1
 100000e  100000e        0     1                 $x.0
 100000e  100000e        0     1                 
 100000e  100000e        2     1                 main
 1000010  1000010        0     1                 
 1000010  1000010        0     1                 
 1000010  1000010        4     2         /tmp/user-1b371b.o:(.text)
 1000010  1000010        0     1                 
 1000010  1000010        0     1                 
 1000010  1000010        0     1                 .LBB0_1
 1000010  1000010        0     1                 $x.0
 1000010  1000010        0     1                 
 1000010  1000010        2     1                 exit
 1000012  1000012        0     1                 
 1000012  1000012        0     1                 
 1000012  1000012        0     1                 
 1000012  1000012        0     1                 
 1000012  1000012        0     1                 
 1000012  1000012        2     1                 putchar
 1000014  1000014        0     1                 
 1000014  1000014      22a     2         /tmp/common-8d9d66.o:(.text)
 1000014  1000014        0     1                 
 1000014  1000014        0     1                 
 1000014  1000014        0     1                 $x.0
 1000014  1000014        0     1                 
 1000014  1000014       1c     1                 memcpy
 1000018  1000018        0     1                 
 1000018  1000018        0     1                 
 100001a  100001a        0     1                 
 100001a  100001a        0     1                 .LBB0_2
 100001a  100001a        0     1                 
 100001e  100001e        0     1                 
 1000020  1000020        0     1                 
 1000024  1000024        0     1                 
 1000024  1000024        0     1                 
 1000028  1000028        0     1                 
 100002a  100002a        0     1                 
 100002a  100002a        0     1                 
 100002e  100002e        0     1                 .LBB0_3
 100002e  100002e        0     1                 
 100002e  100002e        0     1                 
 1000030  1000030        0     1                 
 1000030  1000030        0     1                 
 1000030  1000030        0     1                 
 1000030  1000030        0     1                 
 1000030  1000030        0     1                 
 1000030  1000030       16     1                 memset
 1000034  1000034        0     1                 
 1000034  1000034        0     1                 
 1000036  1000036        0     1                 
 1000036  1000036        0     1                 .LBB1_2
 1000036  1000036        0     1                 
 100003a  100003a        0     1                 
 100003a  100003a        0     1                 
 100003e  100003e        0     1                 
 1000040  1000040        0     1                 
 1000040  1000040        0     1                 
 1000044  1000044        0     1                 .LBB1_3
 1000044  1000044        0     1                 
 1000044  1000044        0     1                 
 1000046  1000046        0     1                 
 1000046  1000046        0     1                 
 1000046  1000046        0     1                 
 1000046  1000046        0     1                 
 1000046  1000046        0     1                 
 1000046  1000046       24     1                 strcpy
 100004c  100004c        0     1                 
 1000050  1000050        0     1                 
 1000050  1000050        0     1                 
 1000052  1000052        0     1                 
 1000052  1000052        0     1                 .LBB2_2
 1000052  1000052        0     1                 
 1000056  1000056        0     1                 
 100005a  100005a        0     1                 
 100005e  100005e        0     1                 
 100005e  100005e        0     1                 
 1000060  1000060        0     1                 
 1000060  1000060        0     1                 
 1000062  1000062        0     1                 
 1000064  1000064        0     1                 .LBB2_3
 1000064  1000064        0     1                 
 1000064  1000064        0     1                 
 1000068  1000068        0     1                 
 100006a  100006a        0     1                 
 100006a  100006a        0     1                 
 100006a  100006a        0     1                 
 100006a  100006a        0     1                 
 100006a  100006a        0     1                 
 100006a  100006a       2e     1                 strcmp
 100006e  100006e        0     1                 
 1000070  1000070        0     1                 
 1000072  1000072        0     1                 
 1000072  1000072        0     1                 .LBB3_2
 1000072  1000072        0     1                 
 100007a  100007a        0     1                 
 100007e  100007e        0     1                 
 100007e  100007e        0     1                 
 1000082  1000082        0     1                 
 1000084  1000084        0     1                 
 1000086  1000086        0     1                 
 1000088  1000088        0     1                 .LBB3_4
 1000088  1000088        0     1                 
 100008e  100008e        0     1                 .LBB3_5
 100008e  100008e        0     1                 
 100008e  100008e        0     1                 
 1000090  1000090        0     1                 .LBB3_6
 1000090  1000090        0     1                 
 1000090  1000090        0     1                 
 1000094  1000094        0     1                 
 1000094  1000094        0     1                 
 1000096  1000096        0     1                 
 1000098  1000098        0     1                 
 1000098  1000098        0     1                 
 1000098  1000098        0     1                 
 1000098  1000098        0     1                 
 1000098  1000098        0     1                 
 1000098  1000098      1a6     1                 printf
 10000b6  10000b6        0     1                 
 10000c6  10000c6        0     1                 
 10000ee  10000ee        0     1                 .LBB4_1
 10000ee  10000ee        0     1                 
 10000f2  10000f2        0     1                 .LBB4_2
 10000f2  10000f2        0     1                 
 10000f4  10000f4        0     1                 .LBB4_3
 10000f4  10000f4        0     1                 
 10000f8  10000f8        0     1                 
 1000100  1000100        0     1                 .LBB4_5
 1000100  1000100        0     1                 
 1000102  1000102        0     1                 
 1000102  1000102        0     1                 
 1000104  1000104        0     1                 
 1000106  1000106        0     1                 .LBB4_6
 1000106  1000106        0     1                 
 100010a  100010a        0     1                 
 100010c  100010c        0     1                 
 100011c  100011c        0     1                 
 100011c  100011c        0     1                 
 1000128  1000128        0     1                 
 1000128  1000128        0     1                 
 100012c  100012c        0     1                 
 100012c  100012c        0     1                 
 100012e  100012e        0     1                 
 1000134  1000134        0     1                 .LBB4_11
 1000134  1000134        0     1                 
 1000134  1000134        0     1                 
 100013c  100013c        0     1                 
 100013c  100013c        0     1                 
 1000146  1000146        0     1                 
 1000146  1000146        0     1                 
 100014a  100014a        0     1                 
 100014a  100014a        0     1                 
 100014c  100014c        0     1                 
 1000150  1000150        0     1                 
 1000152  1000152        0     1                 
 1000152  1000152        0     1                 
 1000158  1000158        0     1                 
 1000158  1000158        0     1                 
 100015a  100015a        0     1                 
 100015e  100015e        0     1                 
 1000160  1000160        0     1                 
 1000160  1000160        0     1                 
 1000166  1000166        0     1                 
 1000166  1000166        0     1                 
 1000168  1000168        0     1                 
 100016c  100016c        0     1                 
 100016e  100016e        0     1                 
 100016e  100016e        0     1                 
 1000174  1000174        0     1                 
 1000174  1000174        0     1                 
 1000176  1000176        0     1                 
 100017a  100017a        0     1                 
 100017c  100017c        0     1                 
 100017c  100017c        0     1                 
 1000182  1000182        0     1                 
 1000182  1000182        0     1                 
 1000184  1000184        0     1                 
 1000188  1000188        0     1                 
 100018a  100018a        0     1                 
 100018a  100018a        0     1                 
 1000190  1000190        0     1                 
 1000190  1000190        0     1                 
 1000192  1000192        0     1                 
 1000196  1000196        0     1                 
 1000198  1000198        0     1                 
 1000198  1000198        0     1                 
 100019e  100019e        0     1                 
 100019e  100019e        0     1                 
 10001a0  10001a0        0     1                 
 10001a4  10001a4        0     1                 
 10001a6  10001a6        0     1                 
 10001a6  10001a6        0     1                 
 10001a8  10001a8        0     1                 
 10001a8  10001a8        0     1                 
 10001aa  10001aa        0     1                 
 10001ae  10001ae        0     1                 
 10001ae  10001ae        0     1                 
 10001b0  10001b0        0     1                 
 10001b0  10001b0        0     1                 
 10001b2  10001b2        0     1                 
 10001b4  10001b4        0     1                 .LBB4_14
 10001b4  10001b4        0     1                 
 10001b4  10001b4        0     1                 
 10001be  10001be        0     1                 
 10001be  10001be        0     1                 
 10001c2  10001c2        0     1                 
 10001c8  10001c8        0     1                 
 10001c8  10001c8        0     1                 .LBB4_16
 10001c8  10001c8        0     1                 
 10001ce  10001ce        0     1                 
 10001ce  10001ce        0     1                 
 10001d2  10001d2        0     1                 
 10001d4  10001d4        0     1                 
 10001d8  10001d8        0     1                 .LBB4_17
 10001d8  10001d8        0     1                 
 10001d8  10001d8        0     1                 
 10001de  10001de        0     1                 
 10001de  10001de        0     1                 
 10001e2  10001e2        0     1                 
 10001e2  10001e2        0     1                 
 10001e4  10001e4        0     1                 
 10001e8  10001e8        0     1                 .LBB4_18
 10001e8  10001e8        0     1                 
 10001ea  10001ea        0     1                 
 10001ea  10001ea        0     1                 .LBB4_19
 10001ea  10001ea        0     1                 
 10001ee  10001ee        0     1                 
 10001f2  10001f2        0     1                 
 10001f6  10001f6        0     1                 .LBB4_20
 10001f6  10001f6        0     1                 
 10001f6  10001f6        0     1                 
 10001f8  10001f8        0     1                 
 10001f8  10001f8        0     1                 
 10001fc  10001fc        0     1                 
 1000200  1000200        0     1                 
 1000206  1000206        0     1                 
 1000206  1000206        0     1                 
 100020e  100020e        0     1                 
 1000214  1000214        0     1                 
 1000214  1000214        0     1                 
 100021a  100021a        0     1                 .LBB4_21
 100021a  100021a        0     1                 
 100021a  100021a        0     1                 
 1000220  1000220        0     1                 .LBB4_22
 1000220  1000220        0     1                 
 1000220  1000220        0     1                 
 1000224  1000224        0     1                 
 100023a  100023a        0     1                 
 100023e  100023e        0     1                 
 100023e  100023e        0     1                 
 1000240  1000240       11     4 .rodata
 1000240  1000240       11     1         <internal>:(.rodata.str1.1)
 1000254  1000254    1000c     4 .bss
 1000254  1000254        c     1         . = ALIGN ( 16 )
 1000260  1000260    10000     1         . += 64 * 1024
 1010260  1010260        0     1         __stack_top = .
 1010260  1010260        0     1         
       0        0      1cd     1 .debug_abbrev
       0        0       2c     1         /tmp/shell-bfc169.o:(.debug_abbrev)
       0        0        0     1                 $d.1
      2c       2c       79     1         /tmp/user-1b371b.o:(.debug_abbrev)
      2c       2c        0     1                 $d.2
      a5       a5      128     1         /tmp/common-8d9d66.o:(.debug_abbrev)
      a5       a5        0     1                 $d.3
       0        0      3d2     1 .debug_info
       0        0       38     1         /tmp/shell-bfc169.o:(.debug_info)
       0        0        0     1                 $d.2
      38       38       6f     1         /tmp/user-1b371b.o:(.debug_info)
      38       38        0     1                 $d.3
      a7       a7      32b     1         /tmp/common-8d9d66.o:(.debug_info)
      a7       a7        0     1                 $d.4
       0        0      17b     1 .debug_str
       0        0      17b     1         <internal>:(.debug_str)
       0        0       42     1 .comment
       0        0       42     1         <internal>:(.comment)
       0        0       2b     1 .riscv.attributes
       0        0       2b     1         <internal>:(.riscv.attributes)
       0        0       ec     4 .debug_frame
       0        0       24     4         /tmp/shell-bfc169.o:(.debug_frame)
       0        0        0     1                 
       0        0        0     1                 $d.6
      24       24       44     4         /tmp/user-1b371b.o:(.debug_frame)
      24       24        0     1                 
      24       24        0     1                 $d.8
      68       68       84     4         /tmp/common-8d9d66.o:(.debug_frame)
      68       68        0     1                 
      68       68        0     1                 $d.9
       0        0      451     1 .debug_line
       0        0       3a     1         /tmp/shell-bfc169.o:(.debug_line)
       0        0        0     1                 .Lline_table_start0
       0        0        0     1                 $d.7
      3a       3a       55     1         /tmp/user-1b371b.o:(.debug_line)
      3a       3a        0     1                 .Lline_table_start0
      3a       3a        0     1                 $d.9
      8f       8f      3c2     1         /tmp/common-8d9d66.o:(.debug_line)
      8f       8f        0     1                 .Lline_table_start0
      8f       8f        0     1                 $d.10
       0        0       30     1 .debug_ranges
       0        0       18     1         /tmp/user-1b371b.o:(.debug_ranges)
       0        0        0     1                 
       0        0        0     1                 $d.4
      18       18       18     1         /tmp/common-8d9d66.o:(.debug_ranges)
      18       18        0     1                 
      18       18        0     1                 $d.5
       0        0      2eb     1 .debug_loc
       0        0      2eb     1         /tmp/common-8d9d66.o:(.debug_loc)
       0        0        0     1                 
       0        0        0     1                 $d.2
      13       13        0     1                 
      47       47        0     1                 
      5c       5c        0     1                 
      90       90        0     1                 
      a5       a5        0     1                 
      c3       c3        0     1                 
      ec       ec        0     1                 
     122      122        0     1                 
     135      135        0     1                 
     153      153        0     1                 
     171      171        0     1                 
     18f      18f        0     1                 
     1d0      1d0        0     1                 
     24d      24d        0     1                 
     260      260        0     1                 
     2c0      2c0        0     1                 
       0        0     14a0     4 .symtab
       0        0     14a0     4         <internal>:(.symtab)
       0        0       a0     1 .shstrtab
       0        0       a0     1         <internal>:(.shstrtab)
       0        0       f2     1 .strtab
       0        0       f2     1         <internal>:(.strtab)
