     VMA      LMA     Size Align Out     In      Symbol
       0        0 80200000     1 . = 0x80200000
80200000 80200000      346     4 .text
80200000 80200000        e     2         /tmp/kernel-9914b1.o:(.text.boot)
80200000 80200000        0     1                 
80200000 80200000        0     1                 
80200000 80200000        0     1                 $x.1
80200000 80200000        0     1                 
80200000 80200000        e     1                 boot
8020000e 8020000e        0     1                 
8020000e 8020000e        0     1                 
80200010 80200010      10c     4         /tmp/kernel-9914b1.o:(.text)
80200010 80200010        0     1                 
80200010 80200010        0     1                 
80200010 80200010        0     1                 $x.0
80200010 80200010        0     1                 
80200010 80200010        6     1                 sbi_call
80200014 80200014        0     1                 
80200016 80200016        0     1                 
80200016 80200016        0     1                 
80200016 80200016        0     1                 
80200016 80200016       14     1                 putchar
80200028 80200028        0     1                 
8020002a 8020002a        0     1                 
8020002a 8020002a        0     1                 
8020002a 8020002a        0     1                 
8020002a 8020002a       28     1                 handle_trap
8020002e 8020002e        0     1                 
8020002e 8020002e        0     1                 
80200032 80200032        0     1                 
80200032 80200032        0     1                 
80200036 80200036        0     1                 
80200036 80200036        0     1                 
8020003a 8020003a        0     1                 
8020003e 8020003e        0     1                 
80200050 80200050        0     1                 
80200050 80200050        0     1                 .LBB2_1
80200052 80200052        0     1                 
80200052 80200052        0     1                 
80200054 80200054        0     1                 
80200054 80200054        0     1                 
80200054 80200054        0     1                 
80200054 80200054       90     1                 kernel_entry
802000e4 802000e4        0     1                 
802000e4 802000e4        0     1                 
802000e4 802000e4        0     1                 
802000e4 802000e4        0     1                 
802000e4 802000e4        0     1                 
802000e4 802000e4       38     1                 kernel_main
802000e8 802000e8        0     1                 
802000fe 802000fe        0     1                 
802000fe 802000fe        0     1                 
80200108 80200108        0     1                 
80200108 80200108        0     1                 
80200110 80200110        0     1                 
80200114 80200114        0     1                 
80200114 80200114        0     1                 
80200118 80200118        0     1                 
8020011c 8020011c        0     1                 
8020011c 8020011c        0     1                 
8020011c 8020011c      22a     2         /tmp/common-b94737.o:(.text)
8020011c 8020011c        0     1                 
8020011c 8020011c        0     1                 
8020011c 8020011c        0     1                 $x.0
8020011c 8020011c        0     1                 
8020011c 8020011c       1c     1                 memcpy
80200120 80200120        0     1                 
80200120 80200120        0     1                 
80200122 80200122        0     1                 
80200122 80200122        0     1                 .LBB0_2
80200122 80200122        0     1                 
80200126 80200126        0     1                 
80200128 80200128        0     1                 
8020012c 8020012c        0     1                 
8020012c 8020012c        0     1                 
80200130 80200130        0     1                 
80200132 80200132        0     1                 
80200132 80200132        0     1                 
80200136 80200136        0     1                 .LBB0_3
80200136 80200136        0     1                 
80200136 80200136        0     1                 
80200138 80200138        0     1                 
80200138 80200138        0     1                 
80200138 80200138        0     1                 
80200138 80200138        0     1                 
80200138 80200138        0     1                 
80200138 80200138       16     1                 memset
8020013c 8020013c        0     1                 
8020013c 8020013c        0     1                 
8020013e 8020013e        0     1                 
8020013e 8020013e        0     1                 .LBB1_2
8020013e 8020013e        0     1                 
80200142 80200142        0     1                 
80200142 80200142        0     1                 
80200146 80200146        0     1                 
80200148 80200148        0     1                 
80200148 80200148        0     1                 
8020014c 8020014c        0     1                 .LBB1_3
8020014c 8020014c        0     1                 
8020014c 8020014c        0     1                 
8020014e 8020014e        0     1                 
8020014e 8020014e        0     1                 
8020014e 8020014e        0     1                 
8020014e 8020014e        0     1                 
8020014e 8020014e        0     1                 
8020014e 8020014e       24     1                 strcpy
80200154 80200154        0     1                 
80200158 80200158        0     1                 
80200158 80200158        0     1                 
8020015a 8020015a        0     1                 
8020015a 8020015a        0     1                 .LBB2_2
8020015a 8020015a        0     1                 
8020015e 8020015e        0     1                 
80200162 80200162        0     1                 
80200166 80200166        0     1                 
80200166 80200166        0     1                 
80200168 80200168        0     1                 
80200168 80200168        0     1                 
8020016a 8020016a        0     1                 
8020016c 8020016c        0     1                 .LBB2_3
8020016c 8020016c        0     1                 
8020016c 8020016c        0     1                 
80200170 80200170        0     1                 
80200172 80200172        0     1                 
80200172 80200172        0     1                 
80200172 80200172        0     1                 
80200172 80200172        0     1                 
80200172 80200172        0     1                 
80200172 80200172       2e     1                 strcmp
80200176 80200176        0     1                 
80200178 80200178        0     1                 
8020017a 8020017a        0     1                 
8020017a 8020017a        0     1                 .LBB3_2
8020017a 8020017a        0     1                 
80200182 80200182        0     1                 
80200186 80200186        0     1                 
80200186 80200186        0     1                 
8020018a 8020018a        0     1                 
8020018c 8020018c        0     1                 
8020018e 8020018e        0     1                 
80200190 80200190        0     1                 .LBB3_4
80200190 80200190        0     1                 
80200196 80200196        0     1                 .LBB3_5
80200196 80200196        0     1                 
80200196 80200196        0     1                 
80200198 80200198        0     1                 .LBB3_6
80200198 80200198        0     1                 
80200198 80200198        0     1                 
8020019c 8020019c        0     1                 
8020019c 8020019c        0     1                 
8020019e 8020019e        0     1                 
802001a0 802001a0        0     1                 
802001a0 802001a0        0     1                 
802001a0 802001a0        0     1                 
802001a0 802001a0        0     1                 
802001a0 802001a0        0     1                 
802001a0 802001a0      1a6     1                 printf
802001be 802001be        0     1                 
802001ce 802001ce        0     1                 
802001f6 802001f6        0     1                 .LBB4_1
802001f6 802001f6        0     1                 
802001fa 802001fa        0     1                 .LBB4_2
802001fa 802001fa        0     1                 
802001fc 802001fc        0     1                 .LBB4_3
802001fc 802001fc        0     1                 
80200200 80200200        0     1                 
80200208 80200208        0     1                 .LBB4_5
80200208 80200208        0     1                 
8020020a 8020020a        0     1                 
8020020a 8020020a        0     1                 
8020020c 8020020c        0     1                 
8020020e 8020020e        0     1                 .LBB4_6
8020020e 8020020e        0     1                 
80200212 80200212        0     1                 
80200214 80200214        0     1                 
80200224 80200224        0     1                 
80200224 80200224        0     1                 
80200230 80200230        0     1                 
80200230 80200230        0     1                 
80200234 80200234        0     1                 
80200234 80200234        0     1                 
80200236 80200236        0     1                 
8020023c 8020023c        0     1                 .LBB4_11
8020023c 8020023c        0     1                 
8020023c 8020023c        0     1                 
80200244 80200244        0     1                 
80200244 80200244        0     1                 
8020024e 8020024e        0     1                 
8020024e 8020024e        0     1                 
80200252 80200252        0     1                 
80200252 80200252        0     1                 
80200254 80200254        0     1                 
80200258 80200258        0     1                 
8020025a 8020025a        0     1                 
8020025a 8020025a        0     1                 
80200260 80200260        0     1                 
80200260 80200260        0     1                 
80200262 80200262        0     1                 
80200266 80200266        0     1                 
80200268 80200268        0     1                 
80200268 80200268        0     1                 
8020026e 8020026e        0     1                 
8020026e 8020026e        0     1                 
80200270 80200270        0     1                 
80200274 80200274        0     1                 
80200276 80200276        0     1                 
80200276 80200276        0     1                 
8020027c 8020027c        0     1                 
8020027c 8020027c        0     1                 
8020027e 8020027e        0     1                 
80200282 80200282        0     1                 
80200284 80200284        0     1                 
80200284 80200284        0     1                 
8020028a 8020028a        0     1                 
8020028a 8020028a        0     1                 
8020028c 8020028c        0     1                 
80200290 80200290        0     1                 
80200292 80200292        0     1                 
80200292 80200292        0     1                 
80200298 80200298        0     1                 
80200298 80200298        0     1                 
8020029a 8020029a        0     1                 
8020029e 8020029e        0     1                 
802002a0 802002a0        0     1                 
802002a0 802002a0        0     1                 
802002a6 802002a6        0     1                 
802002a6 802002a6        0     1                 
802002a8 802002a8        0     1                 
802002ac 802002ac        0     1                 
802002ae 802002ae        0     1                 
802002ae 802002ae        0     1                 
802002b0 802002b0        0     1                 
802002b0 802002b0        0     1                 
802002b2 802002b2        0     1                 
802002b6 802002b6        0     1                 
802002b6 802002b6        0     1                 
802002b8 802002b8        0     1                 
802002b8 802002b8        0     1                 
802002ba 802002ba        0     1                 
802002bc 802002bc        0     1                 .LBB4_14
802002bc 802002bc        0     1                 
802002bc 802002bc        0     1                 
802002c6 802002c6        0     1                 
802002c6 802002c6        0     1                 
802002ca 802002ca        0     1                 
802002d0 802002d0        0     1                 
802002d0 802002d0        0     1                 .LBB4_16
802002d0 802002d0        0     1                 
802002d6 802002d6        0     1                 
802002d6 802002d6        0     1                 
802002da 802002da        0     1                 
802002dc 802002dc        0     1                 
802002e0 802002e0        0     1                 .LBB4_17
802002e0 802002e0        0     1                 
802002e0 802002e0        0     1                 
802002e6 802002e6        0     1                 
802002e6 802002e6        0     1                 
802002ea 802002ea        0     1                 
802002ea 802002ea        0     1                 
802002ec 802002ec        0     1                 
802002f0 802002f0        0     1                 .LBB4_18
802002f0 802002f0        0     1                 
802002f2 802002f2        0     1                 
802002f2 802002f2        0     1                 .LBB4_19
802002f2 802002f2        0     1                 
802002f6 802002f6        0     1                 
802002fa 802002fa        0     1                 
802002fe 802002fe        0     1                 .LBB4_20
802002fe 802002fe        0     1                 
802002fe 802002fe        0     1                 
80200300 80200300        0     1                 
80200300 80200300        0     1                 
80200304 80200304        0     1                 
80200308 80200308        0     1                 
8020030e 8020030e        0     1                 
8020030e 8020030e        0     1                 
80200316 80200316        0     1                 
8020031c 8020031c        0     1                 
8020031c 8020031c        0     1                 
80200322 80200322        0     1                 .LBB4_21
80200322 80200322        0     1                 
80200322 80200322        0     1                 
80200328 80200328        0     1                 .LBB4_22
80200328 80200328        0     1                 
80200328 80200328        0     1                 
8020032c 8020032c        0     1                 
80200342 80200342        0     1                 
80200346 80200346        0     1                 
80200346 80200346        0     1                 
80200348 80200348       64     4 .rodata
80200348 80200348       64     1         <internal>:(.rodata.str1.1)
802003ac 802003ac        0     4 .bss
802003ac 802003ac        0     1         __bss = .
802003ac 802003ac        0     1         __bss_end = .
802003ac 802003ac        0     1 . = ALIGN ( 4 )
802003ac 802003ac    20000     1 . += 128 * 1024
802203ac 802203ac        0     1 __stack_top = .
       0        0      3e0     1 .debug_loc
       0        0       f5     1         /tmp/kernel-9914b1.o:(.debug_loc)
       0        0        0     1                 
       0        0        0     1                 $d.3
      1b       1b        0     1                 
      36       36        0     1                 
      51       51        0     1                 
      6e       6e        0     1                 
      89       89        0     1                 
      a4       a4        0     1                 
      bf       bf        0     1                 
      da       da        0     1                 
      f5       f5      2eb     1         /tmp/common-b94737.o:(.debug_loc)
      f5       f5        0     1                 
      f5       f5        0     1                 $d.2
     108      108        0     1                 
     13c      13c        0     1                 
     151      151        0     1                 
     185      185        0     1                 
     19a      19a        0     1                 
     1b8      1b8        0     1                 
     1e1      1e1        0     1                 
     217      217        0     1                 
     22a      22a        0     1                 
     248      248        0     1                 
     266      266        0     1                 
     284      284        0     1                 
     2c5      2c5        0     1                 
     342      342        0     1                 
     355      355        0     1                 
     3b5      3b5        0     1                 
       0        0      2c1     1 .debug_abbrev
       0        0      199     1         /tmp/kernel-9914b1.o:(.debug_abbrev)
       0        0        0     1                 $d.4
     199      199      128     1         /tmp/common-b94737.o:(.debug_abbrev)
     199      199        0     1                 $d.3
       0        0      87a     1 .debug_info
       0        0      54f     1         /tmp/kernel-9914b1.o:(.debug_info)
       0        0        0     1                 $d.5
     54f      54f      32b     1         /tmp/common-b94737.o:(.debug_info)
     54f      54f        0     1                 $d.4
       0        0       30     1 .debug_ranges
       0        0       18     1         /tmp/kernel-9914b1.o:(.debug_ranges)
       0        0        0     1                 
       0        0        0     1                 $d.6
      18       18       18     1         /tmp/common-b94737.o:(.debug_ranges)
      18       18        0     1                 
      18       18        0     1                 $d.5
       0        0      269     1 .debug_str
       0        0      269     1         <internal>:(.debug_str)
       0        0       42     1 .comment
       0        0       42     1         <internal>:(.comment)
       0        0       2b     1 .riscv.attributes
       0        0       2b     1         <internal>:(.riscv.attributes)
       0        0      108     4 .debug_frame
       0        0       84     4         /tmp/kernel-9914b1.o:(.debug_frame)
       0        0        0     1                 
       0        0        0     1                 $d.10
      84       84       84     4         /tmp/common-b94737.o:(.debug_frame)
      84       84        0     1                 
      84       84        0     1                 $d.9
       0        0      4a3     1 .debug_line
       0        0       e1     1         /tmp/kernel-9914b1.o:(.debug_line)
       0        0        0     1                 .Lline_table_start0
       0        0        0     1                 $d.11
      e1       e1      3c2     1         /tmp/common-b94737.o:(.debug_line)
      e1       e1        0     1                 .Lline_table_start0
      e1       e1        0     1                 $d.10
       0        0     1a10     4 .symtab
       0        0     1a10     4         <internal>:(.symtab)
       0        0       a0     1 .shstrtab
       0        0       a0     1         <internal>:(.shstrtab)
       0        0      103     1 .strtab
       0        0      103     1         <internal>:(.strtab)
