     VMA      LMA     Size Align Out     In      Symbol
       0        0 80200000     1 . = 0x80200000
80200000 80200000      284     2 .text
80200000 80200000        e     2         /tmp/kernel-718323.o:(.text.boot)
80200000 80200000        0     1                 
80200000 80200000        0     1                 
80200000 80200000        0     1                 $x.1
80200000 80200000        0     1                 
80200000 80200000        e     1                 boot
8020000e 8020000e        0     1                 
8020000e 8020000e        0     1                 
8020000e 8020000e       4c     2         /tmp/kernel-718323.o:(.text)
8020000e 8020000e        0     1                 
8020000e 8020000e        0     1                 
8020000e 8020000e        0     1                 $x.0
8020000e 8020000e        0     1                 
8020000e 8020000e        6     1                 sbi_call
80200012 80200012        0     1                 
80200014 80200014        0     1                 
80200014 80200014        0     1                 
80200014 80200014        0     1                 
80200014 80200014       14     1                 putchar
80200026 80200026        0     1                 
80200028 80200028        0     1                 
80200028 80200028        0     1                 
80200028 80200028        0     1                 
80200028 80200028       32     1                 kernel_main
8020002c 8020002c        0     1                 
80200042 80200042        0     1                 
80200042 80200042        0     1                 
80200058 80200058        0     1                 
80200058 80200058        0     1                 .LBB2_1
8020005a 8020005a        0     1                 
8020005a 8020005a        0     1                 
8020005a 8020005a      22a     2         /tmp/common-36e644.o:(.text)
8020005a 8020005a        0     1                 
8020005a 8020005a        0     1                 
8020005a 8020005a        0     1                 $x.0
8020005a 8020005a        0     1                 
8020005a 8020005a       1c     1                 memcpy
8020005e 8020005e        0     1                 
8020005e 8020005e        0     1                 
80200060 80200060        0     1                 
80200060 80200060        0     1                 .LBB0_2
80200060 80200060        0     1                 
80200064 80200064        0     1                 
80200066 80200066        0     1                 
8020006a 8020006a        0     1                 
8020006a 8020006a        0     1                 
8020006e 8020006e        0     1                 
80200070 80200070        0     1                 
80200070 80200070        0     1                 
80200074 80200074        0     1                 .LBB0_3
80200074 80200074        0     1                 
80200074 80200074        0     1                 
80200076 80200076        0     1                 
80200076 80200076        0     1                 
80200076 80200076        0     1                 
80200076 80200076        0     1                 
80200076 80200076        0     1                 
80200076 80200076       16     1                 memset
8020007a 8020007a        0     1                 
8020007a 8020007a        0     1                 
8020007c 8020007c        0     1                 
8020007c 8020007c        0     1                 .LBB1_2
8020007c 8020007c        0     1                 
80200080 80200080        0     1                 
80200080 80200080        0     1                 
80200084 80200084        0     1                 
80200086 80200086        0     1                 
80200086 80200086        0     1                 
8020008a 8020008a        0     1                 .LBB1_3
8020008a 8020008a        0     1                 
8020008a 8020008a        0     1                 
8020008c 8020008c        0     1                 
8020008c 8020008c        0     1                 
8020008c 8020008c        0     1                 
8020008c 8020008c        0     1                 
8020008c 8020008c        0     1                 
8020008c 8020008c       24     1                 strcpy
80200092 80200092        0     1                 
80200096 80200096        0     1                 
80200096 80200096        0     1                 
80200098 80200098        0     1                 
80200098 80200098        0     1                 .LBB2_2
80200098 80200098        0     1                 
8020009c 8020009c        0     1                 
802000a0 802000a0        0     1                 
802000a4 802000a4        0     1                 
802000a4 802000a4        0     1                 
802000a6 802000a6        0     1                 
802000a6 802000a6        0     1                 
802000a8 802000a8        0     1                 
802000aa 802000aa        0     1                 .LBB2_3
802000aa 802000aa        0     1                 
802000aa 802000aa        0     1                 
802000ae 802000ae        0     1                 
802000b0 802000b0        0     1                 
802000b0 802000b0        0     1                 
802000b0 802000b0        0     1                 
802000b0 802000b0        0     1                 
802000b0 802000b0        0     1                 
802000b0 802000b0       2e     1                 strcmp
802000b4 802000b4        0     1                 
802000b6 802000b6        0     1                 
802000b8 802000b8        0     1                 
802000b8 802000b8        0     1                 .LBB3_2
802000b8 802000b8        0     1                 
802000c0 802000c0        0     1                 
802000c4 802000c4        0     1                 
802000c4 802000c4        0     1                 
802000c8 802000c8        0     1                 
802000ca 802000ca        0     1                 
802000cc 802000cc        0     1                 
802000ce 802000ce        0     1                 .LBB3_4
802000ce 802000ce        0     1                 
802000d4 802000d4        0     1                 .LBB3_5
802000d4 802000d4        0     1                 
802000d4 802000d4        0     1                 
802000d6 802000d6        0     1                 .LBB3_6
802000d6 802000d6        0     1                 
802000d6 802000d6        0     1                 
802000da 802000da        0     1                 
802000da 802000da        0     1                 
802000dc 802000dc        0     1                 
802000de 802000de        0     1                 
802000de 802000de        0     1                 
802000de 802000de        0     1                 
802000de 802000de        0     1                 
802000de 802000de        0     1                 
802000de 802000de      1a6     1                 printf
802000fc 802000fc        0     1                 
8020010c 8020010c        0     1                 
80200134 80200134        0     1                 .LBB4_1
80200134 80200134        0     1                 
80200138 80200138        0     1                 .LBB4_2
80200138 80200138        0     1                 
8020013a 8020013a        0     1                 .LBB4_3
8020013a 8020013a        0     1                 
8020013e 8020013e        0     1                 
80200146 80200146        0     1                 .LBB4_5
80200146 80200146        0     1                 
80200148 80200148        0     1                 
80200148 80200148        0     1                 
8020014a 8020014a        0     1                 
8020014c 8020014c        0     1                 .LBB4_6
8020014c 8020014c        0     1                 
80200150 80200150        0     1                 
80200152 80200152        0     1                 
80200162 80200162        0     1                 
80200162 80200162        0     1                 
8020016e 8020016e        0     1                 
8020016e 8020016e        0     1                 
80200172 80200172        0     1                 
80200172 80200172        0     1                 
80200174 80200174        0     1                 
8020017a 8020017a        0     1                 .LBB4_11
8020017a 8020017a        0     1                 
8020017a 8020017a        0     1                 
80200182 80200182        0     1                 
80200182 80200182        0     1                 
8020018c 8020018c        0     1                 
8020018c 8020018c        0     1                 
80200190 80200190        0     1                 
80200190 80200190        0     1                 
80200192 80200192        0     1                 
80200196 80200196        0     1                 
80200198 80200198        0     1                 
80200198 80200198        0     1                 
8020019e 8020019e        0     1                 
8020019e 8020019e        0     1                 
802001a0 802001a0        0     1                 
802001a4 802001a4        0     1                 
802001a6 802001a6        0     1                 
802001a6 802001a6        0     1                 
802001ac 802001ac        0     1                 
802001ac 802001ac        0     1                 
802001ae 802001ae        0     1                 
802001b2 802001b2        0     1                 
802001b4 802001b4        0     1                 
802001b4 802001b4        0     1                 
802001ba 802001ba        0     1                 
802001ba 802001ba        0     1                 
802001bc 802001bc        0     1                 
802001c0 802001c0        0     1                 
802001c2 802001c2        0     1                 
802001c2 802001c2        0     1                 
802001c8 802001c8        0     1                 
802001c8 802001c8        0     1                 
802001ca 802001ca        0     1                 
802001ce 802001ce        0     1                 
802001d0 802001d0        0     1                 
802001d0 802001d0        0     1                 
802001d6 802001d6        0     1                 
802001d6 802001d6        0     1                 
802001d8 802001d8        0     1                 
802001dc 802001dc        0     1                 
802001de 802001de        0     1                 
802001de 802001de        0     1                 
802001e4 802001e4        0     1                 
802001e4 802001e4        0     1                 
802001e6 802001e6        0     1                 
802001ea 802001ea        0     1                 
802001ec 802001ec        0     1                 
802001ec 802001ec        0     1                 
802001ee 802001ee        0     1                 
802001ee 802001ee        0     1                 
802001f0 802001f0        0     1                 
802001f4 802001f4        0     1                 
802001f4 802001f4        0     1                 
802001f6 802001f6        0     1                 
802001f6 802001f6        0     1                 
802001f8 802001f8        0     1                 
802001fa 802001fa        0     1                 .LBB4_14
802001fa 802001fa        0     1                 
802001fa 802001fa        0     1                 
80200204 80200204        0     1                 
80200204 80200204        0     1                 
80200208 80200208        0     1                 
8020020e 8020020e        0     1                 
8020020e 8020020e        0     1                 .LBB4_16
8020020e 8020020e        0     1                 
80200214 80200214        0     1                 
80200214 80200214        0     1                 
80200218 80200218        0     1                 
8020021a 8020021a        0     1                 
8020021e 8020021e        0     1                 .LBB4_17
8020021e 8020021e        0     1                 
8020021e 8020021e        0     1                 
80200224 80200224        0     1                 
80200224 80200224        0     1                 
80200228 80200228        0     1                 
80200228 80200228        0     1                 
8020022a 8020022a        0     1                 
8020022e 8020022e        0     1                 .LBB4_18
8020022e 8020022e        0     1                 
80200230 80200230        0     1                 
80200230 80200230        0     1                 .LBB4_19
80200230 80200230        0     1                 
80200234 80200234        0     1                 
80200238 80200238        0     1                 
8020023c 8020023c        0     1                 .LBB4_20
8020023c 8020023c        0     1                 
8020023c 8020023c        0     1                 
8020023e 8020023e        0     1                 
8020023e 8020023e        0     1                 
80200242 80200242        0     1                 
80200246 80200246        0     1                 
8020024c 8020024c        0     1                 
8020024c 8020024c        0     1                 
80200254 80200254        0     1                 
8020025a 8020025a        0     1                 
8020025a 8020025a        0     1                 
80200260 80200260        0     1                 .LBB4_21
80200260 80200260        0     1                 
80200260 80200260        0     1                 
80200266 80200266        0     1                 .LBB4_22
80200266 80200266        0     1                 
80200266 80200266        0     1                 
8020026a 8020026a        0     1                 
80200280 80200280        0     1                 
80200284 80200284        0     1                 
80200284 80200284        0     1                 
80200284 80200284       31     4 .rodata
80200284 80200284       31     1         <internal>:(.rodata.str1.1)
802002b8 802002b8        0     4 .bss
802002b8 802002b8        0     1         __bss = .
802002b8 802002b8        0     1         __bss_end = .
802002b8 802002b8        0     1 . = ALIGN ( 4 )
802002b8 802002b8    20000     1 . += 128 * 1024
802202b8 802202b8        0     1 __stack_top = .
       0        0      359     1 .debug_loc
       0        0       6e     1         /tmp/kernel-718323.o:(.debug_loc)
       0        0        0     1                 
       0        0        0     1                 $d.3
      1b       1b        0     1                 
      36       36        0     1                 
      51       51        0     1                 
      6e       6e      2eb     1         /tmp/common-36e644.o:(.debug_loc)
      6e       6e        0     1                 
      6e       6e        0     1                 $d.2
      81       81        0     1                 
      b5       b5        0     1                 
      ca       ca        0     1                 
      fe       fe        0     1                 
     113      113        0     1                 
     131      131        0     1                 
     15a      15a        0     1                 
     190      190        0     1                 
     1a3      1a3        0     1                 
     1c1      1c1        0     1                 
     1df      1df        0     1                 
     1fd      1fd        0     1                 
     23e      23e        0     1                 
     2bb      2bb        0     1                 
     2ce      2ce        0     1                 
     32e      32e        0     1                 
       0        0      2b4     1 .debug_abbrev
       0        0      18c     1         /tmp/kernel-718323.o:(.debug_abbrev)
       0        0        0     1                 $d.4
     18c      18c      128     1         /tmp/common-36e644.o:(.debug_abbrev)
     18c      18c        0     1                 $d.3
       0        0      62b     1 .debug_info
       0        0      300     1         /tmp/kernel-718323.o:(.debug_info)
       0        0        0     1                 $d.5
     300      300      32b     1         /tmp/common-36e644.o:(.debug_info)
     300      300        0     1                 $d.4
       0        0       30     1 .debug_ranges
       0        0       18     1         /tmp/kernel-718323.o:(.debug_ranges)
       0        0        0     1                 
       0        0        0     1                 $d.6
      18       18       18     1         /tmp/common-36e644.o:(.debug_ranges)
      18       18        0     1                 
      18       18        0     1                 $d.5
       0        0      1d9     1 .debug_str
       0        0      1d9     1         <internal>:(.debug_str)
       0        0       42     1 .comment
       0        0       42     1         <internal>:(.comment)
       0        0       2b     1 .riscv.attributes
       0        0       2b     1         <internal>:(.riscv.attributes)
       0        0       e0     4 .debug_frame
       0        0       5c     4         /tmp/kernel-718323.o:(.debug_frame)
       0        0        0     1                 
       0        0        0     1                 $d.10
      5c       5c       84     4         /tmp/common-36e644.o:(.debug_frame)
      5c       5c        0     1                 
      5c       5c        0     1                 $d.9
       0        0      45c     1 .debug_line
       0        0       9a     1         /tmp/kernel-718323.o:(.debug_line)
       0        0        0     1                 .Lline_table_start0
       0        0        0     1                 $d.11
      9a       9a      3c2     1         /tmp/common-36e644.o:(.debug_line)
      9a       9a        0     1                 .Lline_table_start0
      9a       9a        0     1                 $d.10
       0        0     1620     4 .symtab
       0        0     1620     4         <internal>:(.symtab)
       0        0       a0     1 .shstrtab
       0        0       a0     1         <internal>:(.shstrtab)
       0        0       ea     1 .strtab
       0        0       ea     1         <internal>:(.strtab)
