     VMA      LMA     Size Align Out     In      Symbol
       0        0 80200000     1 . = 0x80200000
80200000 80200000      72a     4 .text
80200000 80200000        e     2         /tmp/kernel-1e9026.o:(.text.boot)
80200000 80200000        0     1                 
80200000 80200000        0     1                 
80200000 80200000        0     1                 $x.1
80200000 80200000        0     1                 
80200000 80200000        e     1                 boot
8020000e 8020000e        0     1                 
8020000e 8020000e        0     1                 
80200010 80200010      4f0     4         /tmp/kernel-1e9026.o:(.text)
80200010 80200010        0     1                 
80200010 80200010        0     1                 
80200010 80200010        0     1                 $x.0
80200010 80200010        0     1                 
80200010 80200010        6     1                 sbi_call
80200014 80200014        0     1                 
80200016 80200016        0     1                 
80200016 80200016        0     1                 
80200016 80200016        0     1                 
80200016 80200016       14     1                 putchar
80200028 80200028        0     1                 
8020002a 8020002a        0     1                 
8020002a 8020002a        0     1                 
8020002a 8020002a        0     1                 
8020002a 8020002a       46     1                 switch_context
80200070 80200070        0     1                 
80200070 80200070        0     1                 
80200070 80200070        0     1                 
80200070 80200070       ec     1                 create_process
8020007a 8020007a        0     1                 
8020007a 8020007a        0     1                 
8020007c 8020007c        0     1                 
8020007c 8020007c        0     1                 
80200082 80200082        0     1                 
80200084 80200084        0     1                 
80200084 80200084        0     1                 
80200092 80200092        0     1                 
80200094 80200094        0     1                 
80200094 80200094        0     1                 
8020009a 8020009a        0     1                 
8020009c 8020009c        0     1                 
8020009c 8020009c        0     1                 
802000aa 802000aa        0     1                 
802000ac 802000ac        0     1                 
802000ac 802000ac        0     1                 
802000b2 802000b2        0     1                 
802000b4 802000b4        0     1                 
802000b4 802000b4        0     1                 
802000c2 802000c2        0     1                 
802000c4 802000c4        0     1                 
802000c4 802000c4        0     1                 
802000ca 802000ca        0     1                 
802000ce 802000ce        0     1                 
802000d0 802000d0        0     1                 
802000d0 802000d0        0     1                 
802000d4 802000d4        0     1                 
802000e6 802000e6        0     1                 
802000e6 802000e6        0     1                 
802000ea 802000ea        0     1                 .LBB3_9
802000ea 802000ea        0     1                 
802000ec 802000ec        0     1                 .LBB3_10
802000ec 802000ec        0     1                 
802000ec 802000ec        0     1                 
802000f0 802000f0        0     1                 .LBB3_11
802000f0 802000f0        0     1                 
802000f4 802000f4        0     1                 .LBB3_12
802000f4 802000f4        0     1                 
802000f8 802000f8        0     1                 .LBB3_13
802000f8 802000f8        0     1                 
802000fc 802000fc        0     1                 .LBB3_14
802000fc 802000fc        0     1                 
80200100 80200100        0     1                 .LBB3_15
80200100 80200100        0     1                 
80200104 80200104        0     1                 .LBB3_16
80200104 80200104        0     1                 
80200106 80200106        0     1                 .LBB3_17
80200106 80200106        0     1                 
80200106 80200106        0     1                 
8020010c 8020010c        0     1                 
80200112 80200112        0     1                 
80200112 80200112        0     1                 
80200116 80200116        0     1                 
8020011a 8020011a        0     1                 
8020011e 8020011e        0     1                 
80200122 80200122        0     1                 
80200126 80200126        0     1                 
8020012a 8020012a        0     1                 
8020012e 8020012e        0     1                 
80200132 80200132        0     1                 
80200136 80200136        0     1                 
8020013a 8020013a        0     1                 
8020013e 8020013e        0     1                 
80200142 80200142        0     1                 
8020014a 8020014a        0     1                 
8020014c 8020014c        0     1                 
8020014c 8020014c        0     1                 
8020014e 8020014e        0     1                 
80200150 80200150        0     1                 
80200154 80200154        0     1                 
80200154 80200154        0     1                 
80200156 80200156        0     1                 
80200158 80200158        0     1                 
8020015c 8020015c        0     1                 
8020015c 8020015c        0     1                 
8020015c 8020015c        0     1                 
8020015c 8020015c        0     1                 
8020015c 8020015c        0     1                 
8020015c 8020015c      1cc     1                 yield
80200168 80200168        0     1                 
8020016c 8020016c        0     1                 
8020016c 8020016c        0     1                 
8020017e 8020017e        0     1                 
8020018e 8020018e        0     1                 
8020018e 8020018e        0     1                 
80200192 80200192        0     1                 
80200192 80200192        0     1                 
80200194 80200194        0     1                 
80200194 80200194        0     1                 
80200198 80200198        0     1                 
80200198 80200198        0     1                 
8020019a 8020019a        0     1                 
8020019e 8020019e        0     1                 .LBB4_2
8020019e 8020019e        0     1                 
8020019e 8020019e        0     1                 
802001a2 802001a2        0     1                 
802001b0 802001b0        0     1                 
802001b8 802001b8        0     1                 
802001bc 802001bc        0     1                 
802001c0 802001c0        0     1                 
802001ce 802001ce        0     1                 
802001ce 802001ce        0     1                 
802001d0 802001d0        0     1                 
802001d4 802001d4        0     1                 .LBB4_4
802001d4 802001d4        0     1                 
802001d4 802001d4        0     1                 
802001d8 802001d8        0     1                 
802001e8 802001e8        0     1                 
802001fa 802001fa        0     1                 
802001fe 802001fe        0     1                 
802001fe 802001fe        0     1                 
80200200 80200200        0     1                 
80200204 80200204        0     1                 .LBB4_6
80200204 80200204        0     1                 
80200204 80200204        0     1                 
80200208 80200208        0     1                 
80200216 80200216        0     1                 
8020021e 8020021e        0     1                 
80200222 80200222        0     1                 
80200226 80200226        0     1                 
80200234 80200234        0     1                 
80200234 80200234        0     1                 
80200236 80200236        0     1                 
8020023a 8020023a        0     1                 .LBB4_8
8020023a 8020023a        0     1                 
8020023a 8020023a        0     1                 
8020023e 8020023e        0     1                 
8020024e 8020024e        0     1                 
80200260 80200260        0     1                 
80200264 80200264        0     1                 
80200264 80200264        0     1                 
80200266 80200266        0     1                 
8020026a 8020026a        0     1                 .LBB4_10
8020026a 8020026a        0     1                 
8020026a 8020026a        0     1                 
8020026e 8020026e        0     1                 
8020027c 8020027c        0     1                 
80200284 80200284        0     1                 
80200288 80200288        0     1                 
8020028c 8020028c        0     1                 
8020029a 8020029a        0     1                 
8020029a 8020029a        0     1                 
8020029c 8020029c        0     1                 
802002a0 802002a0        0     1                 .LBB4_12
802002a0 802002a0        0     1                 
802002a0 802002a0        0     1                 
802002a4 802002a4        0     1                 
802002b4 802002b4        0     1                 
802002c6 802002c6        0     1                 
802002ca 802002ca        0     1                 
802002ca 802002ca        0     1                 
802002cc 802002cc        0     1                 
802002d0 802002d0        0     1                 .LBB4_14
802002d0 802002d0        0     1                 
802002d0 802002d0        0     1                 
802002d2 802002d2        0     1                 
802002de 802002de        0     1                 
802002e6 802002e6        0     1                 
802002ea 802002ea        0     1                 
802002ee 802002ee        0     1                 
802002fc 802002fc        0     1                 
802002fc 802002fc        0     1                 
802002fe 802002fe        0     1                 
80200302 80200302        0     1                 .LBB4_16
80200302 80200302        0     1                 
80200302 80200302        0     1                 
80200304 80200304        0     1                 .LBB4_17
80200304 80200304        0     1                 
80200304 80200304        0     1                 
80200308 80200308        0     1                 
8020030c 8020030c        0     1                 
8020030e 8020030e        0     1                 
80200312 80200312        0     1                 
8020031a 8020031a        0     1                 
8020031a 8020031a        0     1                 
8020031c 8020031c        0     1                 
8020031c 8020031c        0     1                 
80200320 80200320        0     1                 
80200324 80200324        0     1                 
80200326 80200326        0     1                 .LBB4_19
80200326 80200326        0     1                 
80200326 80200326        0     1                 
80200328 80200328        0     1                 
80200328 80200328        0     1                 
80200328 80200328        0     1                 
80200328 80200328        0     1                 
80200328 80200328        0     1                 
80200328 80200328       10     1                 delay
80200330 80200330        0     1                 .LBB5_1
80200330 80200330        0     1                 
80200330 80200330        0     1                 
80200332 80200332        0     1                 
80200332 80200332        0     1                 
80200334 80200334        0     1                 
80200334 80200334        0     1                 
80200336 80200336        0     1                 
80200336 80200336        0     1                 
80200338 80200338        0     1                 
80200338 80200338        0     1                 
80200338 80200338        0     1                 
80200338 80200338        0     1                 
80200338 80200338        0     1                 
80200338 80200338       28     1                 handle_trap
8020033c 8020033c        0     1                 
8020033c 8020033c        0     1                 
80200340 80200340        0     1                 
80200340 80200340        0     1                 
80200344 80200344        0     1                 
80200344 80200344        0     1                 
80200348 80200348        0     1                 
80200348 80200348        0     1                 
8020034c 8020034c        0     1                 
8020035e 8020035e        0     1                 
8020035e 8020035e        0     1                 .LBB6_1
80200360 80200360        0     1                 
80200360 80200360        0     1                 
80200360 80200360        0     1                 
80200360 80200360        0     1                 
80200360 80200360        0     1                 
80200360 80200360       42     1                 proc_a_entry
80200368 80200368        0     1                 
80200372 80200372        0     1                 
80200372 80200372        0     1                 
8020037a 8020037a        0     1                 .LBB7_1
8020037a 8020037a        0     1                 
8020037a 8020037a        0     1                 
80200390 80200390        0     1                 
80200390 80200390        0     1                 
80200394 80200394        0     1                 
80200398 80200398        0     1                 
8020039a 8020039a        0     1                 
8020039c 8020039c        0     1                 
8020039e 8020039e        0     1                 
8020039e 8020039e        0     1                 
802003a0 802003a0        0     1                 
802003a0 802003a0        0     1                 
802003a2 802003a2        0     1                 
802003a2 802003a2        0     1                 
802003a2 802003a2        0     1                 
802003a2 802003a2        0     1                 
802003a2 802003a2        0     1                 
802003a2 802003a2       42     1                 proc_b_entry
802003aa 802003aa        0     1                 
802003b4 802003b4        0     1                 
802003b4 802003b4        0     1                 
802003bc 802003bc        0     1                 .LBB8_1
802003bc 802003bc        0     1                 
802003bc 802003bc        0     1                 
802003d2 802003d2        0     1                 
802003d2 802003d2        0     1                 
802003d6 802003d6        0     1                 
802003da 802003da        0     1                 
802003dc 802003dc        0     1                 
802003de 802003de        0     1                 
802003e0 802003e0        0     1                 
802003e0 802003e0        0     1                 
802003e2 802003e2        0     1                 
802003e2 802003e2        0     1                 
802003e4 802003e4        0     1                 
802003e4 802003e4        0     1                 
802003e4 802003e4        0     1                 
802003e4 802003e4        0     1                 
802003e4 802003e4        0     1                 
802003e4 802003e4       96     1                 kernel_entry
8020047a 8020047a        0     1                 
8020047a 8020047a        0     1                 
8020047a 8020047a        0     1                 
8020047a 8020047a        0     1                 
8020047a 8020047a        0     1                 
8020047a 8020047a       86     1                 kernel_main
8020047e 8020047e        0     1                 
80200494 80200494        0     1                 
80200494 80200494        0     1                 
8020049e 8020049e        0     1                 
8020049e 8020049e        0     1                 
802004a6 802004a6        0     1                 
802004aa 802004aa        0     1                 
802004aa 802004aa        0     1                 
802004ac 802004ac        0     1                 
802004ae 802004ae        0     1                 
802004ae 802004ae        0     1                 
802004b6 802004b6        0     1                 
802004ba 802004ba        0     1                 
802004c2 802004c2        0     1                 
802004cc 802004cc        0     1                 
802004cc 802004cc        0     1                 
802004d4 802004d4        0     1                 
802004de 802004de        0     1                 
802004de 802004de        0     1                 
802004e6 802004e6        0     1                 
802004e8 802004e8        0     1                 
802004e8 802004e8        0     1                 
802004fe 802004fe        0     1                 
802004fe 802004fe        0     1                 .LBB10_1
80200500 80200500        0     1                 
80200500 80200500        0     1                 
80200500 80200500      22a     2         /tmp/common-f346fd.o:(.text)
80200500 80200500        0     1                 
80200500 80200500        0     1                 
80200500 80200500        0     1                 $x.0
80200500 80200500        0     1                 
80200500 80200500       1c     1                 memcpy
80200504 80200504        0     1                 
80200504 80200504        0     1                 
80200506 80200506        0     1                 
80200506 80200506        0     1                 .LBB0_2
80200506 80200506        0     1                 
8020050a 8020050a        0     1                 
8020050c 8020050c        0     1                 
80200510 80200510        0     1                 
80200510 80200510        0     1                 
80200514 80200514        0     1                 
80200516 80200516        0     1                 
80200516 80200516        0     1                 
8020051a 8020051a        0     1                 .LBB0_3
8020051a 8020051a        0     1                 
8020051a 8020051a        0     1                 
8020051c 8020051c        0     1                 
8020051c 8020051c        0     1                 
8020051c 8020051c        0     1                 
8020051c 8020051c        0     1                 
8020051c 8020051c        0     1                 
8020051c 8020051c       16     1                 memset
80200520 80200520        0     1                 
80200520 80200520        0     1                 
80200522 80200522        0     1                 
80200522 80200522        0     1                 .LBB1_2
80200522 80200522        0     1                 
80200526 80200526        0     1                 
80200526 80200526        0     1                 
8020052a 8020052a        0     1                 
8020052c 8020052c        0     1                 
8020052c 8020052c        0     1                 
80200530 80200530        0     1                 .LBB1_3
80200530 80200530        0     1                 
80200530 80200530        0     1                 
80200532 80200532        0     1                 
80200532 80200532        0     1                 
80200532 80200532        0     1                 
80200532 80200532        0     1                 
80200532 80200532        0     1                 
80200532 80200532       24     1                 strcpy
80200538 80200538        0     1                 
8020053c 8020053c        0     1                 
8020053c 8020053c        0     1                 
8020053e 8020053e        0     1                 
8020053e 8020053e        0     1                 .LBB2_2
8020053e 8020053e        0     1                 
80200542 80200542        0     1                 
80200546 80200546        0     1                 
8020054a 8020054a        0     1                 
8020054a 8020054a        0     1                 
8020054c 8020054c        0     1                 
8020054c 8020054c        0     1                 
8020054e 8020054e        0     1                 
80200550 80200550        0     1                 .LBB2_3
80200550 80200550        0     1                 
80200550 80200550        0     1                 
80200554 80200554        0     1                 
80200556 80200556        0     1                 
80200556 80200556        0     1                 
80200556 80200556        0     1                 
80200556 80200556        0     1                 
80200556 80200556        0     1                 
80200556 80200556       2e     1                 strcmp
8020055a 8020055a        0     1                 
8020055c 8020055c        0     1                 
8020055e 8020055e        0     1                 
8020055e 8020055e        0     1                 .LBB3_2
8020055e 8020055e        0     1                 
80200566 80200566        0     1                 
8020056a 8020056a        0     1                 
8020056a 8020056a        0     1                 
8020056e 8020056e        0     1                 
80200570 80200570        0     1                 
80200572 80200572        0     1                 
80200574 80200574        0     1                 .LBB3_4
80200574 80200574        0     1                 
8020057a 8020057a        0     1                 .LBB3_5
8020057a 8020057a        0     1                 
8020057a 8020057a        0     1                 
8020057c 8020057c        0     1                 .LBB3_6
8020057c 8020057c        0     1                 
8020057c 8020057c        0     1                 
80200580 80200580        0     1                 
80200580 80200580        0     1                 
80200582 80200582        0     1                 
80200584 80200584        0     1                 
80200584 80200584        0     1                 
80200584 80200584        0     1                 
80200584 80200584        0     1                 
80200584 80200584        0     1                 
80200584 80200584      1a6     1                 printf
802005a2 802005a2        0     1                 
802005b2 802005b2        0     1                 
802005da 802005da        0     1                 .LBB4_1
802005da 802005da        0     1                 
802005de 802005de        0     1                 .LBB4_2
802005de 802005de        0     1                 
802005e0 802005e0        0     1                 .LBB4_3
802005e0 802005e0        0     1                 
802005e4 802005e4        0     1                 
802005ec 802005ec        0     1                 .LBB4_5
802005ec 802005ec        0     1                 
802005ee 802005ee        0     1                 
802005ee 802005ee        0     1                 
802005f0 802005f0        0     1                 
802005f2 802005f2        0     1                 .LBB4_6
802005f2 802005f2        0     1                 
802005f6 802005f6        0     1                 
802005f8 802005f8        0     1                 
80200608 80200608        0     1                 
80200608 80200608        0     1                 
80200614 80200614        0     1                 
80200614 80200614        0     1                 
80200618 80200618        0     1                 
80200618 80200618        0     1                 
8020061a 8020061a        0     1                 
80200620 80200620        0     1                 .LBB4_11
80200620 80200620        0     1                 
80200620 80200620        0     1                 
80200628 80200628        0     1                 
80200628 80200628        0     1                 
80200632 80200632        0     1                 
80200632 80200632        0     1                 
80200636 80200636        0     1                 
80200636 80200636        0     1                 
80200638 80200638        0     1                 
8020063c 8020063c        0     1                 
8020063e 8020063e        0     1                 
8020063e 8020063e        0     1                 
80200644 80200644        0     1                 
80200644 80200644        0     1                 
80200646 80200646        0     1                 
8020064a 8020064a        0     1                 
8020064c 8020064c        0     1                 
8020064c 8020064c        0     1                 
80200652 80200652        0     1                 
80200652 80200652        0     1                 
80200654 80200654        0     1                 
80200658 80200658        0     1                 
8020065a 8020065a        0     1                 
8020065a 8020065a        0     1                 
80200660 80200660        0     1                 
80200660 80200660        0     1                 
80200662 80200662        0     1                 
80200666 80200666        0     1                 
80200668 80200668        0     1                 
80200668 80200668        0     1                 
8020066e 8020066e        0     1                 
8020066e 8020066e        0     1                 
80200670 80200670        0     1                 
80200674 80200674        0     1                 
80200676 80200676        0     1                 
80200676 80200676        0     1                 
8020067c 8020067c        0     1                 
8020067c 8020067c        0     1                 
8020067e 8020067e        0     1                 
80200682 80200682        0     1                 
80200684 80200684        0     1                 
80200684 80200684        0     1                 
8020068a 8020068a        0     1                 
8020068a 8020068a        0     1                 
8020068c 8020068c        0     1                 
80200690 80200690        0     1                 
80200692 80200692        0     1                 
80200692 80200692        0     1                 
80200694 80200694        0     1                 
80200694 80200694        0     1                 
80200696 80200696        0     1                 
8020069a 8020069a        0     1                 
8020069a 8020069a        0     1                 
8020069c 8020069c        0     1                 
8020069c 8020069c        0     1                 
8020069e 8020069e        0     1                 
802006a0 802006a0        0     1                 .LBB4_14
802006a0 802006a0        0     1                 
802006a0 802006a0        0     1                 
802006aa 802006aa        0     1                 
802006aa 802006aa        0     1                 
802006ae 802006ae        0     1                 
802006b4 802006b4        0     1                 
802006b4 802006b4        0     1                 .LBB4_16
802006b4 802006b4        0     1                 
802006ba 802006ba        0     1                 
802006ba 802006ba        0     1                 
802006be 802006be        0     1                 
802006c0 802006c0        0     1                 
802006c4 802006c4        0     1                 .LBB4_17
802006c4 802006c4        0     1                 
802006c4 802006c4        0     1                 
802006ca 802006ca        0     1                 
802006ca 802006ca        0     1                 
802006ce 802006ce        0     1                 
802006ce 802006ce        0     1                 
802006d0 802006d0        0     1                 
802006d4 802006d4        0     1                 .LBB4_18
802006d4 802006d4        0     1                 
802006d6 802006d6        0     1                 
802006d6 802006d6        0     1                 .LBB4_19
802006d6 802006d6        0     1                 
802006da 802006da        0     1                 
802006de 802006de        0     1                 
802006e2 802006e2        0     1                 .LBB4_20
802006e2 802006e2        0     1                 
802006e2 802006e2        0     1                 
802006e4 802006e4        0     1                 
802006e4 802006e4        0     1                 
802006e8 802006e8        0     1                 
802006ec 802006ec        0     1                 
802006f2 802006f2        0     1                 
802006f2 802006f2        0     1                 
802006fa 802006fa        0     1                 
80200700 80200700        0     1                 
80200700 80200700        0     1                 
80200706 80200706        0     1                 .LBB4_21
80200706 80200706        0     1                 
80200706 80200706        0     1                 
8020070c 8020070c        0     1                 .LBB4_22
8020070c 8020070c        0     1                 
8020070c 8020070c        0     1                 
80200710 80200710        0     1                 
80200726 80200726        0     1                 
8020072a 8020072a        0     1                 
8020072a 8020072a        0     1                 
8020072c 8020072c       cf     4 .rodata
8020072c 8020072c       cf     1         <internal>:(.rodata.str1.1)
802007fc 802007fc    10070     4 .bss
802007fc 802007fc        0     1         __bss = .
802007fc 802007fc    10060     4         /tmp/kernel-1e9026.o:(.bss)
802007fc 802007fc        0     1                 $d.2
802007fc 802007fc    10060     1                 procs
8021085c 8021085c       10     4         /tmp/kernel-1e9026.o:(.sbss)
8021085c 8021085c        0     1                 $d.4
8021085c 8021085c        4     1                 idle_proc
80210860 80210860        4     1                 current_proc
80210864 80210864        4     1                 proc_a
80210868 80210868        4     1                 proc_b
8021086c 8021086c        0     1         __bss_end = .
8021086c 8021086c        0     1 . = ALIGN ( 4 )
8021086c 8021086c    20000     1 . += 128 * 1024
8023086c 8023086c        0     1 __stack_top = .
8023086c 8023086c      794     1 . = ALIGN ( 4096 )
80231000 80231000        0     1 __free_ram = .
80231000 80231000  4000000     1 . += 64 * 1024 * 1024
84231000 84231000        0     1 __free_ram_end = .
       0        0      71a     1 .debug_loc
       0        0      42f     1         /tmp/kernel-1e9026.o:(.debug_loc)
       0        0        0     1                 
       0        0        0     1                 $d.5
      1b       1b        0     1                 
      36       36        0     1                 
      51       51        0     1                 
      6e       6e        0     1                 
      94       94        0     1                 
     174      174        0     1                 
     19b      19b        0     1                 
     1c5      1c5        0     1                 
     22d      22d        0     1                 
     2b2      2b2        0     1                 
     2d8      2d8        0     1                 
     2f3      2f3        0     1                 
     332      332        0     1                 
     34d      34d        0     1                 
     368      368        0     1                 
     383      383        0     1                 
     39e      39e        0     1                 
     3bc      3bc        0     1                 
     3d9      3d9        0     1                 
     3f7      3f7        0     1                 
     414      414        0     1                 
     42f      42f      2eb     1         /tmp/common-f346fd.o:(.debug_loc)
     42f      42f        0     1                 
     42f      42f        0     1                 $d.2
     442      442        0     1                 
     476      476        0     1                 
     48b      48b        0     1                 
     4bf      4bf        0     1                 
     4d4      4d4        0     1                 
     4f2      4f2        0     1                 
     51b      51b        0     1                 
     551      551        0     1                 
     564      564        0     1                 
     582      582        0     1                 
     5a0      5a0        0     1                 
     5be      5be        0     1                 
     5ff      5ff        0     1                 
     67c      67c        0     1                 
     68f      68f        0     1                 
     6ef      6ef        0     1                 
       0        0      37d     1 .debug_abbrev
       0        0      255     1         /tmp/kernel-1e9026.o:(.debug_abbrev)
       0        0        0     1                 $d.6
     255      255      128     1         /tmp/common-f346fd.o:(.debug_abbrev)
     255      255        0     1                 $d.3
       0        0      c58     1 .debug_info
       0        0      92d     1         /tmp/kernel-1e9026.o:(.debug_info)
       0        0        0     1                 $d.7
     92d      92d      32b     1         /tmp/common-f346fd.o:(.debug_info)
     92d      92d        0     1                 $d.4
       0        0       60     1 .debug_ranges
       0        0       48     1         /tmp/kernel-1e9026.o:(.debug_ranges)
       0        0        0     1                 
       0        0        0     1                 $d.8
      18       18        0     1                 
      30       30        0     1                 
      48       48       18     1         /tmp/common-f346fd.o:(.debug_ranges)
      48       48        0     1                 
      48       48        0     1                 $d.5
       0        0      2fc     1 .debug_str
       0        0      2fc     1         <internal>:(.debug_str)
       0        0       42     1 .comment
       0        0       42     1         <internal>:(.comment)
       0        0       2b     1 .riscv.attributes
       0        0       2b     1         <internal>:(.riscv.attributes)
       0        0      188     4 .debug_frame
       0        0      104     4         /tmp/kernel-1e9026.o:(.debug_frame)
       0        0        0     1                 
       0        0        0     1                 $d.12
     104      104       84     4         /tmp/common-f346fd.o:(.debug_frame)
     104      104        0     1                 
     104      104        0     1                 $d.9
       0        0      96a     1 .debug_line
       0        0      5a8     1         /tmp/kernel-1e9026.o:(.debug_line)
       0        0        0     1                 .Lline_table_start0
       0        0        0     1                 $d.13
     5a8      5a8      3c2     1         /tmp/common-f346fd.o:(.debug_line)
     5a8      5a8        0     1                 .Lline_table_start0
     5a8      5a8        0     1                 $d.10
       0        0     2c50     4 .symtab
       0        0     2c50     4         <internal>:(.symtab)
       0        0       a0     1 .shstrtab
       0        0       a0     1         <internal>:(.shstrtab)
       0        0      198     1 .strtab
       0        0      198     1         <internal>:(.strtab)
