     VMA      LMA     Size Align Out     In      Symbol
       0        0 80200000     1 . = 0x80200000
80200000        0        0     1 __kernel_base = .
80200000 80200000      8d8     4 .text
80200000 80200000        e     2         /tmp/kernel-bfaef5.o:(.text.boot)
80200000 80200000        0     1                 
80200000 80200000        0     1                 
80200000 80200000        0     1                 $x.1
80200000 80200000        0     1                 
80200000 80200000        e     1                 boot
8020000e 8020000e        0     1                 
8020000e 8020000e        0     1                 
80200010 80200010      690     4         /tmp/kernel-bfaef5.o:(.text)
80200010 80200010        0     1                 
80200010 80200010        0     1                 
80200010 80200010        0     1                 $x.0
80200010 80200010        0     1                 
80200010 80200010        6     1                 sbi_call
80200014 80200014        0     1                 
80200016 80200016        0     1                 
80200016 80200016        0     1                 
80200016 80200016        0     1                 
80200016 80200016       14     1                 putchar
80200028 80200028        0     1                 
8020002a 8020002a        0     1                 
8020002a 8020002a        0     1                 
8020002a 8020002a        0     1                 
8020002a 8020002a       4e     1                 alloc_pages
80200030 80200030        0     1                 
80200038 80200038        0     1                 
80200038 80200038        0     1                 
8020003c 8020003c        0     1                 
80200040 80200040        0     1                 
80200040 80200040        0     1                 
80200048 80200048        0     1                 
8020004c 8020004c        0     1                 
80200050 80200050        0     1                 
80200066 80200066        0     1                 
80200066 80200066        0     1                 .LBB2_2
80200068 80200068        0     1                 .LBB2_3
80200068 80200068        0     1                 
8020006e 8020006e        0     1                 
8020006e 8020006e        0     1                 
80200074 80200074        0     1                 
80200074 80200074        0     1                 
80200078 80200078        0     1                 
80200078 80200078        0     1                 
80200078 80200078        0     1                 
80200078 80200078        0     1                 
80200078 80200078        0     1                 
80200078 80200078       d8     1                 map_page
80200088 80200088        0     1                 
80200088 80200088        0     1                 
8020008c 8020008c        0     1                 
80200090 80200090        0     1                 
802000a0 802000a0        0     1                 
802000a2 802000a2        0     1                 
802000a4 802000a4        0     1                 
802000a4 802000a4        0     1                 .LBB3_2
802000a6 802000a6        0     1                 .LBB3_3
802000a6 802000a6        0     1                 
802000a6 802000a6        0     1                 
802000aa 802000aa        0     1                 
802000ac 802000ac        0     1                 
802000ae 802000ae        0     1                 
802000b2 802000b2        0     1                 
802000c0 802000c0        0     1                 
802000c4 802000c4        0     1                 
802000c6 802000c6        0     1                 
802000c6 802000c6        0     1                 .LBB3_5
802000c8 802000c8        0     1                 .LBB3_6
802000c8 802000c8        0     1                 
802000c8 802000c8        0     1                 
802000d4 802000d4        0     1                 
802000d4 802000d4        0     1                 
802000d8 802000d8        0     1                 
802000da 802000da        0     1                 
802000da 802000da        0     1                 
802000e2 802000e2        0     1                 
802000e2 802000e2        0     1                 
802000e4 802000e4        0     1                 
802000e6 802000e6        0     1                 
802000ee 802000ee        0     1                 
802000f2 802000f2        0     1                 
802000f6 802000f6        0     1                 
8020010a 8020010a        0     1                 
8020010c 8020010c        0     1                 
8020010c 8020010c        0     1                 .LBB3_9
8020010e 8020010e        0     1                 .LBB3_10
8020010e 8020010e        0     1                 
8020010e 8020010e        0     1                 
80200110 80200110        0     1                 
80200110 80200110        0     1                 
80200118 80200118        0     1                 
8020011a 8020011a        0     1                 
8020011a 8020011a        0     1                 
8020011e 8020011e        0     1                 
8020011e 8020011e        0     1                 
80200124 80200124        0     1                 
80200126 80200126        0     1                 
80200128 80200128        0     1                 .LBB3_11
80200128 80200128        0     1                 
80200128 80200128        0     1                 
8020012c 8020012c        0     1                 
8020012c 8020012c        0     1                 
8020012e 8020012e        0     1                 
80200134 80200134        0     1                 
80200136 80200136        0     1                 
80200136 80200136        0     1                 
8020013a 8020013a        0     1                 
8020013e 8020013e        0     1                 
8020013e 8020013e        0     1                 
8020014c 8020014c        0     1                 
80200150 80200150        0     1                 
80200150 80200150        0     1                 
80200150 80200150        0     1                 
80200150 80200150        0     1                 
80200150 80200150        0     1                 
80200150 80200150       46     1                 switch_context
80200196 80200196        0     1                 
80200196 80200196        0     1                 
80200196 80200196        0     1                 
80200196 80200196      184     1                 create_process
802001a8 802001a8        0     1                 
802001b2 802001b2        0     1                 
802001b2 802001b2        0     1                 
802001b4 802001b4        0     1                 
802001b4 802001b4        0     1                 
802001ba 802001ba        0     1                 
802001bc 802001bc        0     1                 
802001bc 802001bc        0     1                 
802001ca 802001ca        0     1                 
802001cc 802001cc        0     1                 
802001cc 802001cc        0     1                 
802001d2 802001d2        0     1                 
802001d4 802001d4        0     1                 
802001d4 802001d4        0     1                 
802001e2 802001e2        0     1                 
802001e4 802001e4        0     1                 
802001e4 802001e4        0     1                 
802001ea 802001ea        0     1                 
802001ec 802001ec        0     1                 
802001ec 802001ec        0     1                 
802001fa 802001fa        0     1                 
802001fc 802001fc        0     1                 
802001fc 802001fc        0     1                 
80200202 80200202        0     1                 
80200204 80200204        0     1                 
80200204 80200204        0     1                 
80200208 80200208        0     1                 
8020021a 8020021a        0     1                 
8020021a 8020021a        0     1                 .LBB5_9
8020021c 8020021c        0     1                 .LBB5_10
8020021c 8020021c        0     1                 
8020021c 8020021c        0     1                 
80200220 80200220        0     1                 .LBB5_11
80200220 80200220        0     1                 
80200224 80200224        0     1                 .LBB5_12
80200224 80200224        0     1                 
80200228 80200228        0     1                 .LBB5_13
80200228 80200228        0     1                 
8020022c 8020022c        0     1                 .LBB5_14
8020022c 8020022c        0     1                 
80200230 80200230        0     1                 .LBB5_15
80200230 80200230        0     1                 
80200234 80200234        0     1                 .LBB5_16
80200234 80200234        0     1                 
80200238 80200238        0     1                 .LBB5_17
80200238 80200238        0     1                 
8020023a 8020023a        0     1                 .LBB5_18
8020023a 8020023a        0     1                 
8020023a 8020023a        0     1                 
80200248 80200248        0     1                 
8020024e 8020024e        0     1                 
80200252 80200252        0     1                 
80200256 80200256        0     1                 
8020025a 8020025a        0     1                 
8020025e 8020025e        0     1                 
80200262 80200262        0     1                 
80200266 80200266        0     1                 
8020026a 8020026a        0     1                 
8020026e 8020026e        0     1                 
80200272 80200272        0     1                 
80200276 80200276        0     1                 
8020027a 8020027a        0     1                 
80200282 80200282        0     1                 
80200282 80200282        0     1                 
8020028a 8020028a        0     1                 
8020028a 8020028a        0     1                 
8020028c 8020028c        0     1                 
8020028c 8020028c        0     1                 
80200292 80200292        0     1                 
80200292 80200292        0     1                 
80200294 80200294        0     1                 
8020029c 8020029c        0     1                 
802002a4 802002a4        0     1                 
802002ba 802002ba        0     1                 
802002ba 802002ba        0     1                 .LBB5_20
802002bc 802002bc        0     1                 .LBB5_21
802002bc 802002bc        0     1                 
802002c6 802002c6        0     1                 
802002c6 802002c6        0     1                 
802002d2 802002d2        0     1                 
802002d2 802002d2        0     1                 
802002da 802002da        0     1                 
802002da 802002da        0     1                 .LBB5_23
802002da 802002da        0     1                 
802002e4 802002e4        0     1                 
802002e4 802002e4        0     1                 
802002e6 802002e6        0     1                 
802002ea 802002ea        0     1                 .LBB5_24
802002ea 802002ea        0     1                 
802002ea 802002ea        0     1                 
802002f4 802002f4        0     1                 
802002f4 802002f4        0     1                 
802002f6 802002f6        0     1                 
802002fc 802002fc        0     1                 
802002fe 802002fe        0     1                 
80200302 80200302        0     1                 
80200316 80200316        0     1                 
80200316 80200316        0     1                 
8020031a 8020031a        0     1                 
8020031a 8020031a        0     1                 
8020031a 8020031a        0     1                 
8020031a 8020031a        0     1                 
8020031a 8020031a        0     1                 
8020031a 8020031a      1d2     1                 yield
80200326 80200326        0     1                 
8020032a 8020032a        0     1                 
8020032a 8020032a        0     1                 
80200338 80200338        0     1                 
8020034c 8020034c        0     1                 
8020034c 8020034c        0     1                 
80200350 80200350        0     1                 
80200350 80200350        0     1                 
80200352 80200352        0     1                 
80200352 80200352        0     1                 
80200356 80200356        0     1                 
80200356 80200356        0     1                 
80200358 80200358        0     1                 
8020035c 8020035c        0     1                 .LBB6_2
8020035c 8020035c        0     1                 
8020035c 8020035c        0     1                 
80200360 80200360        0     1                 
8020036c 8020036c        0     1                 
80200378 80200378        0     1                 
8020037c 8020037c        0     1                 
80200386 80200386        0     1                 
80200386 80200386        0     1                 
80200388 80200388        0     1                 
8020038c 8020038c        0     1                 .LBB6_4
8020038c 8020038c        0     1                 
8020038c 8020038c        0     1                 
80200390 80200390        0     1                 
8020039c 8020039c        0     1                 
802003b4 802003b4        0     1                 
802003b8 802003b8        0     1                 
802003b8 802003b8        0     1                 
802003ba 802003ba        0     1                 
802003be 802003be        0     1                 .LBB6_6
802003be 802003be        0     1                 
802003be 802003be        0     1                 
802003c2 802003c2        0     1                 
802003ce 802003ce        0     1                 
802003da 802003da        0     1                 
802003de 802003de        0     1                 
802003e8 802003e8        0     1                 
802003e8 802003e8        0     1                 
802003ea 802003ea        0     1                 
802003ee 802003ee        0     1                 .LBB6_8
802003ee 802003ee        0     1                 
802003ee 802003ee        0     1                 
802003f2 802003f2        0     1                 
802003fe 802003fe        0     1                 
80200416 80200416        0     1                 
8020041a 8020041a        0     1                 
8020041a 8020041a        0     1                 
8020041c 8020041c        0     1                 
80200420 80200420        0     1                 .LBB6_10
80200420 80200420        0     1                 
80200420 80200420        0     1                 
80200424 80200424        0     1                 
80200430 80200430        0     1                 
8020043c 8020043c        0     1                 
80200440 80200440        0     1                 
8020044a 8020044a        0     1                 
8020044a 8020044a        0     1                 
8020044c 8020044c        0     1                 
80200450 80200450        0     1                 .LBB6_12
80200450 80200450        0     1                 
80200450 80200450        0     1                 
80200454 80200454        0     1                 
80200460 80200460        0     1                 
80200478 80200478        0     1                 
8020047c 8020047c        0     1                 
8020047c 8020047c        0     1                 
8020047e 8020047e        0     1                 
80200482 80200482        0     1                 .LBB6_14
80200482 80200482        0     1                 
80200482 80200482        0     1                 
80200484 80200484        0     1                 
80200490 80200490        0     1                 
8020049c 8020049c        0     1                 
802004a0 802004a0        0     1                 
802004aa 802004aa        0     1                 
802004aa 802004aa        0     1                 
802004ac 802004ac        0     1                 
802004b0 802004b0        0     1                 .LBB6_16
802004b0 802004b0        0     1                 
802004b0 802004b0        0     1                 
802004b2 802004b2        0     1                 .LBB6_17
802004b2 802004b2        0     1                 
802004b2 802004b2        0     1                 
802004b6 802004b6        0     1                 
802004b8 802004b8        0     1                 
802004be 802004be        0     1                 
802004c4 802004c4        0     1                 
802004c6 802004c6        0     1                 
802004d6 802004d6        0     1                 
802004de 802004de        0     1                 
802004de 802004de        0     1                 
802004e0 802004e0        0     1                 
802004e0 802004e0        0     1                 
802004e4 802004e4        0     1                 
802004e8 802004e8        0     1                 
802004ea 802004ea        0     1                 .LBB6_19
802004ea 802004ea        0     1                 
802004ea 802004ea        0     1                 
802004ec 802004ec        0     1                 
802004ec 802004ec        0     1                 
802004ec 802004ec        0     1                 
802004ec 802004ec        0     1                 
802004ec 802004ec        0     1                 
802004ec 802004ec       10     1                 delay
802004f4 802004f4        0     1                 .LBB7_1
802004f4 802004f4        0     1                 
802004f4 802004f4        0     1                 
802004f6 802004f6        0     1                 
802004f6 802004f6        0     1                 
802004f8 802004f8        0     1                 
802004f8 802004f8        0     1                 
802004fa 802004fa        0     1                 
802004fa 802004fa        0     1                 
802004fc 802004fc        0     1                 
802004fc 802004fc        0     1                 
802004fc 802004fc        0     1                 
802004fc 802004fc        0     1                 
802004fc 802004fc        0     1                 
802004fc 802004fc       28     1                 handle_trap
80200500 80200500        0     1                 
80200500 80200500        0     1                 
80200504 80200504        0     1                 
80200504 80200504        0     1                 
80200508 80200508        0     1                 
80200508 80200508        0     1                 
8020050c 8020050c        0     1                 
8020050c 8020050c        0     1                 
80200510 80200510        0     1                 
80200522 80200522        0     1                 
80200522 80200522        0     1                 .LBB8_1
80200524 80200524        0     1                 
80200524 80200524        0     1                 
80200524 80200524        0     1                 
80200524 80200524        0     1                 
80200524 80200524        0     1                 
80200524 80200524       42     1                 proc_a_entry
8020052c 8020052c        0     1                 
80200536 80200536        0     1                 
80200536 80200536        0     1                 
8020053e 8020053e        0     1                 .LBB9_1
8020053e 8020053e        0     1                 
8020053e 8020053e        0     1                 
80200554 80200554        0     1                 
80200554 80200554        0     1                 
80200558 80200558        0     1                 
8020055c 8020055c        0     1                 
8020055e 8020055e        0     1                 
80200560 80200560        0     1                 
80200562 80200562        0     1                 
80200562 80200562        0     1                 
80200564 80200564        0     1                 
80200564 80200564        0     1                 
80200566 80200566        0     1                 
80200566 80200566        0     1                 
80200566 80200566        0     1                 
80200566 80200566        0     1                 
80200566 80200566        0     1                 
80200566 80200566       42     1                 proc_b_entry
8020056e 8020056e        0     1                 
80200578 80200578        0     1                 
80200578 80200578        0     1                 
80200580 80200580        0     1                 .LBB10_1
80200580 80200580        0     1                 
80200580 80200580        0     1                 
80200596 80200596        0     1                 
80200596 80200596        0     1                 
8020059a 8020059a        0     1                 
8020059e 8020059e        0     1                 
802005a0 802005a0        0     1                 
802005a2 802005a2        0     1                 
802005a4 802005a4        0     1                 
802005a4 802005a4        0     1                 
802005a6 802005a6        0     1                 
802005a6 802005a6        0     1                 
802005a8 802005a8        0     1                 
802005a8 802005a8        0     1                 
802005a8 802005a8        0     1                 
802005a8 802005a8        0     1                 
802005a8 802005a8        0     1                 
802005a8 802005a8       96     1                 kernel_entry
8020063e 8020063e        0     1                 
8020063e 8020063e        0     1                 
8020063e 8020063e        0     1                 
8020063e 8020063e        0     1                 
8020063e 8020063e        0     1                 
8020063e 8020063e       62     1                 kernel_main
80200642 80200642        0     1                 
80200658 80200658        0     1                 
80200658 80200658        0     1                 
80200662 80200662        0     1                 
80200662 80200662        0     1                 
8020066a 8020066a        0     1                 
8020066e 8020066e        0     1                 
8020066e 8020066e        0     1                 
80200670 80200670        0     1                 
80200672 80200672        0     1                 
80200672 80200672        0     1                 
8020067a 8020067a        0     1                 
8020067e 8020067e        0     1                 
80200686 80200686        0     1                 
80200688 80200688        0     1                 
80200688 80200688        0     1                 
8020069e 8020069e        0     1                 
8020069e 8020069e        0     1                 .LBB12_1
802006a0 802006a0        0     1                 
802006a0 802006a0        0     1                 
802006a0 802006a0      238     2         /tmp/common-3b5e09.o:(.text)
802006a0 802006a0        0     1                 
802006a0 802006a0        0     1                 
802006a0 802006a0        0     1                 $x.0
802006a0 802006a0        0     1                 
802006a0 802006a0       1c     1                 memcpy
802006a4 802006a4        0     1                 
802006a4 802006a4        0     1                 
802006a6 802006a6        0     1                 
802006a6 802006a6        0     1                 .LBB0_2
802006a6 802006a6        0     1                 
802006aa 802006aa        0     1                 
802006ac 802006ac        0     1                 
802006b0 802006b0        0     1                 
802006b0 802006b0        0     1                 
802006b4 802006b4        0     1                 
802006b6 802006b6        0     1                 
802006b6 802006b6        0     1                 
802006ba 802006ba        0     1                 .LBB0_3
802006ba 802006ba        0     1                 
802006ba 802006ba        0     1                 
802006bc 802006bc        0     1                 
802006bc 802006bc        0     1                 
802006bc 802006bc        0     1                 
802006bc 802006bc        0     1                 
802006bc 802006bc        0     1                 
802006bc 802006bc       16     1                 memset
802006c0 802006c0        0     1                 
802006c0 802006c0        0     1                 
802006c2 802006c2        0     1                 
802006c2 802006c2        0     1                 .LBB1_2
802006c2 802006c2        0     1                 
802006c6 802006c6        0     1                 
802006c6 802006c6        0     1                 
802006ca 802006ca        0     1                 
802006cc 802006cc        0     1                 
802006cc 802006cc        0     1                 
802006d0 802006d0        0     1                 .LBB1_3
802006d0 802006d0        0     1                 
802006d0 802006d0        0     1                 
802006d2 802006d2        0     1                 
802006d2 802006d2        0     1                 
802006d2 802006d2        0     1                 
802006d2 802006d2        0     1                 
802006d2 802006d2        0     1                 
802006d2 802006d2       24     1                 strcpy
802006d8 802006d8        0     1                 
802006dc 802006dc        0     1                 
802006dc 802006dc        0     1                 
802006de 802006de        0     1                 
802006de 802006de        0     1                 .LBB2_2
802006de 802006de        0     1                 
802006e2 802006e2        0     1                 
802006e6 802006e6        0     1                 
802006ea 802006ea        0     1                 
802006ea 802006ea        0     1                 
802006ec 802006ec        0     1                 
802006ec 802006ec        0     1                 
802006ee 802006ee        0     1                 
802006f0 802006f0        0     1                 .LBB2_3
802006f0 802006f0        0     1                 
802006f0 802006f0        0     1                 
802006f4 802006f4        0     1                 
802006f6 802006f6        0     1                 
802006f6 802006f6        0     1                 
802006f6 802006f6        0     1                 
802006f6 802006f6        0     1                 
802006f6 802006f6        0     1                 
802006f6 802006f6       2e     1                 strcmp
802006fa 802006fa        0     1                 
802006fc 802006fc        0     1                 
802006fe 802006fe        0     1                 
802006fe 802006fe        0     1                 .LBB3_2
802006fe 802006fe        0     1                 
80200706 80200706        0     1                 
8020070a 8020070a        0     1                 
8020070a 8020070a        0     1                 
8020070e 8020070e        0     1                 
80200710 80200710        0     1                 
80200712 80200712        0     1                 
80200714 80200714        0     1                 .LBB3_4
80200714 80200714        0     1                 
8020071a 8020071a        0     1                 .LBB3_5
8020071a 8020071a        0     1                 
8020071a 8020071a        0     1                 
8020071c 8020071c        0     1                 .LBB3_6
8020071c 8020071c        0     1                 
8020071c 8020071c        0     1                 
80200720 80200720        0     1                 
80200720 80200720        0     1                 
80200722 80200722        0     1                 
80200724 80200724        0     1                 
80200724 80200724        0     1                 
80200724 80200724        0     1                 
80200724 80200724        0     1                 
80200724 80200724        0     1                 
80200724 80200724      1b4     1                 printf
80200742 80200742        0     1                 
80200752 80200752        0     1                 
8020077a 8020077a        0     1                 .LBB4_1
8020077a 8020077a        0     1                 
8020077e 8020077e        0     1                 .LBB4_2
8020077e 8020077e        0     1                 
80200780 80200780        0     1                 .LBB4_3
80200780 80200780        0     1                 
80200784 80200784        0     1                 
8020078c 8020078c        0     1                 .LBB4_5
8020078c 8020078c        0     1                 
8020078e 8020078e        0     1                 
8020078e 8020078e        0     1                 
80200790 80200790        0     1                 
80200792 80200792        0     1                 .LBB4_6
80200792 80200792        0     1                 
80200796 80200796        0     1                 
80200798 80200798        0     1                 
802007a8 802007a8        0     1                 
802007a8 802007a8        0     1                 
802007b4 802007b4        0     1                 
802007b4 802007b4        0     1                 
802007b8 802007b8        0     1                 
802007b8 802007b8        0     1                 
802007ba 802007ba        0     1                 
802007c0 802007c0        0     1                 .LBB4_11
802007c0 802007c0        0     1                 
802007c0 802007c0        0     1                 
802007c8 802007c8        0     1                 
802007c8 802007c8        0     1                 
802007d2 802007d2        0     1                 
802007d2 802007d2        0     1                 
802007d6 802007d6        0     1                 
802007d6 802007d6        0     1                 
802007d8 802007d8        0     1                 
802007dc 802007dc        0     1                 
802007de 802007de        0     1                 
802007de 802007de        0     1                 
802007e4 802007e4        0     1                 
802007e4 802007e4        0     1                 
802007e6 802007e6        0     1                 
802007ea 802007ea        0     1                 
802007ec 802007ec        0     1                 
802007ec 802007ec        0     1                 
802007f2 802007f2        0     1                 
802007f2 802007f2        0     1                 
802007f4 802007f4        0     1                 
802007f8 802007f8        0     1                 
802007fa 802007fa        0     1                 
802007fa 802007fa        0     1                 
80200800 80200800        0     1                 
80200800 80200800        0     1                 
80200802 80200802        0     1                 
80200806 80200806        0     1                 
80200808 80200808        0     1                 
80200808 80200808        0     1                 
8020080e 8020080e        0     1                 
8020080e 8020080e        0     1                 
80200810 80200810        0     1                 
80200814 80200814        0     1                 
80200816 80200816        0     1                 
80200816 80200816        0     1                 
8020081c 8020081c        0     1                 
8020081c 8020081c        0     1                 
8020081e 8020081e        0     1                 
80200822 80200822        0     1                 
80200826 80200826        0     1                 
80200826 80200826        0     1                 
8020082c 8020082c        0     1                 
8020082c 8020082c        0     1                 
8020082e 8020082e        0     1                 
80200832 80200832        0     1                 
80200836 80200836        0     1                 
80200836 80200836        0     1                 
80200838 80200838        0     1                 
80200838 80200838        0     1                 
8020083a 8020083a        0     1                 
8020083e 8020083e        0     1                 
8020083e 8020083e        0     1                 
80200842 80200842        0     1                 
80200842 80200842        0     1                 
80200844 80200844        0     1                 
80200846 80200846        0     1                 .LBB4_14
80200846 80200846        0     1                 
80200846 80200846        0     1                 
80200850 80200850        0     1                 
80200850 80200850        0     1                 
80200854 80200854        0     1                 
8020085a 8020085a        0     1                 
8020085a 8020085a        0     1                 .LBB4_16
8020085a 8020085a        0     1                 
80200862 80200862        0     1                 
80200862 80200862        0     1                 
80200866 80200866        0     1                 
80200868 80200868        0     1                 
8020086c 8020086c        0     1                 .LBB4_17
8020086c 8020086c        0     1                 
8020086c 8020086c        0     1                 
80200874 80200874        0     1                 
80200874 80200874        0     1                 
80200878 80200878        0     1                 
80200878 80200878        0     1                 
8020087a 8020087a        0     1                 
8020087e 8020087e        0     1                 .LBB4_18
8020087e 8020087e        0     1                 
80200880 80200880        0     1                 
80200880 80200880        0     1                 .LBB4_19
80200880 80200880        0     1                 
80200884 80200884        0     1                 
80200888 80200888        0     1                 
8020088c 8020088c        0     1                 .LBB4_20
8020088c 8020088c        0     1                 
8020088c 8020088c        0     1                 
8020088e 8020088e        0     1                 
8020088e 8020088e        0     1                 
80200892 80200892        0     1                 
80200896 80200896        0     1                 
8020089e 8020089e        0     1                 
8020089e 8020089e        0     1                 
802008a6 802008a6        0     1                 
802008ac 802008ac        0     1                 
802008ac 802008ac        0     1                 
802008b2 802008b2        0     1                 .LBB4_21
802008b2 802008b2        0     1                 
802008b2 802008b2        0     1                 
802008ba 802008ba        0     1                 .LBB4_22
802008ba 802008ba        0     1                 
802008ba 802008ba        0     1                 
802008be 802008be        0     1                 
802008d4 802008d4        0     1                 
802008d8 802008d8        0     1                 
802008d8 802008d8        0     1                 
802008d8 802008d8      130     4 .rodata
802008d8 802008d8      130     1         <internal>:(.rodata.str1.1)
80200a08 80200a08        4     4 .sdata
80200a08 80200a08        4     4         /tmp/kernel-bfaef5.o:(.sdata)
80200a08 80200a08        4     1                 alloc_pages.next_paddr
80200a08 80200a08        0     1                 $d.2
80200a0c 80200a0c    10090     4 .bss
80200a0c 80200a0c        0     1         __bss = .
80200a0c 80200a0c    10080     4         /tmp/kernel-bfaef5.o:(.bss)
80200a0c 80200a0c        0     1                 $d.4
80200a0c 80200a0c    10080     1                 procs
80210a8c 80210a8c       10     4         /tmp/kernel-bfaef5.o:(.sbss)
80210a8c 80210a8c        0     1                 $d.5
80210a8c 80210a8c        4     1                 idle_proc
80210a90 80210a90        4     1                 current_proc
80210a94 80210a94        4     1                 proc_a
80210a98 80210a98        4     1                 proc_b
80210a9c 80210a9c        0     1         __bss_end = .
80210a9c 80210a9c        0     1 . = ALIGN ( 4 )
80210a9c 80210a9c    20000     1 . += 128 * 1024
80230a9c 80230a9c        0     1 __stack_top = .
80230a9c 80230a9c      564     1 . = ALIGN ( 4096 )
80231000 80231000        0     1 __free_ram = .
80231000 80231000  4000000     1 . += 64 * 1024 * 1024
84231000 84231000        0     1 __free_ram_end = .
       0        0      90f     1 .debug_loc
       0        0      624     1         /tmp/kernel-bfaef5.o:(.debug_loc)
       0        0        0     1                 
       0        0        0     1                 $d.6
      1b       1b        0     1                 
      36       36        0     1                 
      51       51        0     1                 
      6e       6e        0     1                 
      89       89        0     1                 
      a4       a4        0     1                 
      d5       d5        0     1                 
      fb       fb        0     1                 
     142      142        0     1                 
     189      189        0     1                 
     1a4      1a4        0     1                 
     1bf      1bf        0     1                 
     1da      1da        0     1                 
     200      200        0     1                 
     2ed      2ed        0     1                 
     314      314        0     1                 
     34d      34d        0     1                 
     368      368        0     1                 
     384      384        0     1                 
     39f      39f        0     1                 
     3ba      3ba        0     1                 
     422      422        0     1                 
     4a7      4a7        0     1                 
     4cd      4cd        0     1                 
     4e8      4e8        0     1                 
     527      527        0     1                 
     542      542        0     1                 
     55d      55d        0     1                 
     578      578        0     1                 
     593      593        0     1                 
     5b1      5b1        0     1                 
     5ce      5ce        0     1                 
     5ec      5ec        0     1                 
     609      609        0     1                 
     624      624      2eb     1         /tmp/common-3b5e09.o:(.debug_loc)
     624      624        0     1                 
     624      624        0     1                 $d.2
     637      637        0     1                 
     66b      66b        0     1                 
     680      680        0     1                 
     6b4      6b4        0     1                 
     6c9      6c9        0     1                 
     6e7      6e7        0     1                 
     710      710        0     1                 
     746      746        0     1                 
     759      759        0     1                 
     777      777        0     1                 
     795      795        0     1                 
     7b3      7b3        0     1                 
     7f4      7f4        0     1                 
     871      871        0     1                 
     884      884        0     1                 
     8e4      8e4        0     1                 
       0        0      39b     1 .debug_abbrev
       0        0      273     1         /tmp/kernel-bfaef5.o:(.debug_abbrev)
       0        0        0     1                 $d.7
     273      273      128     1         /tmp/common-3b5e09.o:(.debug_abbrev)
     273      273        0     1                 $d.3
       0        0      e36     1 .debug_info
       0        0      b0b     1         /tmp/kernel-bfaef5.o:(.debug_info)
       0        0        0     1                 $d.8
     b0b      b0b      32b     1         /tmp/common-3b5e09.o:(.debug_info)
     b0b      b0b        0     1                 $d.4
       0        0       78     1 .debug_ranges
       0        0       60     1         /tmp/kernel-bfaef5.o:(.debug_ranges)
       0        0        0     1                 
       0        0        0     1                 $d.9
      18       18        0     1                 
      30       30        0     1                 
      48       48        0     1                 
      60       60       18     1         /tmp/common-3b5e09.o:(.debug_ranges)
      60       60        0     1                 
      60       60        0     1                 $d.5
       0        0      364     1 .debug_str
       0        0      364     1         <internal>:(.debug_str)
       0        0       42     1 .comment
       0        0       42     1         <internal>:(.comment)
       0        0       2b     1 .riscv.attributes
       0        0       2b     1         <internal>:(.riscv.attributes)
       0        0      1cc     4 .debug_frame
       0        0      148     4         /tmp/kernel-bfaef5.o:(.debug_frame)
       0        0        0     1                 
       0        0        0     1                 $d.13
     148      148       84     4         /tmp/common-3b5e09.o:(.debug_frame)
     148      148        0     1                 
     148      148        0     1                 $d.9
       0        0      adf     1 .debug_line
       0        0      71d     1         /tmp/kernel-bfaef5.o:(.debug_line)
       0        0        0     1                 .Lline_table_start0
       0        0        0     1                 $d.14
     71d      71d      3c2     1         /tmp/common-3b5e09.o:(.debug_line)
     71d      71d        0     1                 .Lline_table_start0
     71d      71d        0     1                 $d.10
       0        0     3420     4 .symtab
       0        0     3420     4         <internal>:(.symtab)
       0        0       a7     1 .shstrtab
       0        0       a7     1         <internal>:(.shstrtab)
       0        0      1d8     1 .strtab
       0        0      1d8     1         <internal>:(.strtab)
